 Borg

 Timestamp is 3dea5e08 (Sun Dec 01 19:07:52 2002)

 Preferred load address is 00400000

 Start         Length     Name                   Class
 0001:00000000 0003a65dH .text                   CODE
 0001:0003a660 0000164cH .text$x                 CODE
 0002:00000000 00003307H .rdata                  DATA
 0002:00003308 00001a88H .xdata$x                DATA
 0002:00004d90 00000000H .edata                  DATA
 0003:00000000 00000004H .CRT$XCA                DATA
 0003:00000004 00000038H .CRT$XCU                DATA
 0003:0000003c 00000004H .CRT$XCZ                DATA
 0003:00000040 00000004H .CRT$XIA                DATA
 0003:00000044 0000000cH .CRT$XIC                DATA
 0003:00000050 00000004H .CRT$XIY                DATA
 0003:00000054 00000004H .CRT$XIZ                DATA
 0003:00000058 00000004H .CRT$XPA                DATA
 0003:0000005c 00000004H .CRT$XPX                DATA
 0003:00000060 00000004H .CRT$XPZ                DATA
 0003:00000064 00000004H .CRT$XTA                DATA
 0003:00000068 00000004H .CRT$XTB                DATA
 0003:0000006c 00000004H .CRT$XTZ                DATA
 0003:00000070 0000adb0H .data                   DATA
 0003:0000ae20 00005ae0H .bss                    DATA
 0004:00000000 0000008cH .idata$2                DATA
 0004:0000008c 00000014H .idata$3                DATA
 0004:000000a0 0000025cH .idata$4                DATA
 0004:000002fc 0000025cH .idata$5                DATA
 0004:00000558 000009ccH .idata$6                DATA
 0005:00000000 000005c4H .rsrc$01                DATA
 0005:000005d0 00003bc8H .rsrc$02                DATA

  Address         Publics by Value              Rva+Base     Lib:Object

 0001:00000100       ??0lptr@@QAE@GK@Z          00401100 f   Common.obj
 0001:00000140       ?assign@lptr@@QAEXGK@Z     00401140 f   Common.obj
 0001:00000180       ?between@lptr@@QAE_NABV1@0@Z 00401180 f   Common.obj
 0001:000001f0       ??8lptr@@QAE_NABV0@@Z      004011f0 f   Common.obj
 0001:00000250       ??Nlptr@@QAE_NABV0@@Z      00401250 f   Common.obj
 0001:000002c0       ??Plptr@@QAE_NABV0@@Z      004012c0 f   Common.obj
 0001:00000330       ??Mlptr@@QAE_NABV0@@Z      00401330 f   Common.obj
 0001:000003a0       ??Olptr@@QAE_NABV0@@Z      004013a0 f   Common.obj
 0001:00000410       ??9lptr@@QAE_NABV0@@Z      00401410 f   Common.obj
 0001:00000470       ??Hlptr@@QAE?AV0@K@Z       00401470 f   Common.obj
 0001:00000510       ??Elptr@@QAEAAV0@H@Z       00401510 f   Common.obj
 0001:00000550       ??Ylptr@@QAEAAV0@K@Z       00401550 f   Common.obj
 0001:00000590       ??Glptr@@QAE?AV0@K@Z       00401590 f   Common.obj
 0001:00000630       ??Glptr@@QAEKAAV0@@Z       00401630 f   Common.obj
 0001:00000670       ?cleanstring@@YAXPAD@Z     00401670 f   Common.obj
 0001:000006e0       ?CenterWindow@@YAXPAUHWND__@@@Z 004016e0 f   Common.obj
 0001:000007a0       ?demangle@@YAXPAPAD@Z      004017a0 f   Common.obj
 0001:000013a0       ??0lptr@@QAE@XZ            004023a0 f i Common.obj
 0001:000013d0       ??1lptr@@QAE@XZ            004023d0 f i Common.obj
 0001:00001400       ?init_ofn@@YAXPAUtagOFNA@@@Z 00402400 f   Common.obj
 0001:00001580       ?getfiletoload@@YAXPAD@Z   00402580 f   Common.obj
 0001:000015e0       ?getfiletosave@@YAXPAD@Z   004025e0 f   Common.obj
 0001:00001740       ??1globaloptions@@QAE@XZ   00402740 f i Dasm.obj
 0001:00001780       ??0globaloptions@@QAE@XZ   00402780 f i Dasm.obj
 0001:000023c0       _WinMain@16                004033c0 f   Dasm.obj
 0001:00002600       ?dasm@@YGJPAUHWND__@@IIJ@Z 00403600 f   Dasm.obj
 0001:00003dd0       ?changemenus@@YAXXZ        00404dd0 f   Dasm.obj
 0001:000045b0       ?Thread@@YAXPAX@Z          004055b0 f   Dasm.obj
 0001:00004640       ?savefile_text@@YA_NPAUHWND__@@_N1@Z 00405640 f   Dasm.obj
 0001:00004750       ?StatusMessage@@YAXPAD@Z   00405750 f   Dasm.obj
 0001:000047a0       ?StatusMessageNItems@@YAXK@Z 004057a0 f   Dasm.obj
 0001:00004800       ?optionsinit@@YAXXZ        00405800 f   Dasm.obj
 0001:000048b0       ?setupfont@@YAXXZ          004058b0 f   Dasm.obj
 0001:00004df0       ?TestThread@@YA_NXZ        00405df0 f   Dasm.obj
 0001:00004eb0       ??0dataseg@@QAE@XZ         00405eb0 f   Data.obj
 0001:00004f10       ??1dataseg@@QAE@XZ         00405f10 f   Data.obj
 0001:00004f50       ?compare@dataseg@@UAEHPAUdsegitem@@0@Z 00405f50 f   Data.obj
 0001:00004fc0       ?delfunc@dataseg@@UAEXPAUdsegitem@@@Z 00405fc0 f   Data.obj
 0001:00005060       ??_Gdsegitem@@QAEPAXI@Z    00406060 f i Data.obj
 0001:000050c0       ??1dsegitem@@QAE@XZ        004060c0 f i Data.obj
 0001:00005100       ?insegloc@dataseg@@AAE_NPAUdsegitem@@Vlptr@@@Z 00406100 f   Data.obj
 0001:00005220       ?addseg@dataseg@@QAEXVlptr@@KPAEW4segtype@@PAD@Z 00406220 f   Data.obj
 0001:00005770       ??0dsegitem@@QAE@XZ        00406770 f i Data.obj
 0001:000057b0       ?findseg@dataseg@@QAEPAUdsegitem@@Vlptr@@@Z 004067b0 f   Data.obj
 0001:000058c0       ?datagetpos@dataseg@@QAEKVlptr@@@Z 004068c0 f   Data.obj
 0001:000059a0       ?getlocpos@dataseg@@QAE?AVlptr@@K@Z 004069a0 f   Data.obj
 0001:00005ad0       ?beyondseg@dataseg@@QAE_NVlptr@@@Z 00406ad0 f   Data.obj
 0001:00005ba0       ?nextseg@dataseg@@QAEXPAVlptr@@@Z 00406ba0 f   Data.obj
 0001:00005c50       ?lastseg@dataseg@@QAEXPAVlptr@@@Z 00406c50 f   Data.obj
 0001:00005d70       ?possibleentrycode@dataseg@@QAEXVlptr@@@Z 00406d70 f   Data.obj
 0001:000061b0       ?segheader@dataseg@@QAEXVlptr@@@Z 004071b0 f   Data.obj
 0001:000064e0       ?write_item@dataseg@@QAE_NPAVsavefile@@PAE@Z 004074e0 f   Data.obj
 0001:00006660       ??0dsegitemsave@@QAE@XZ    00407660 f i Data.obj
 0001:000066a0       ??1dsegitemsave@@QAE@XZ    004076a0 f i Data.obj
 0001:000066e0       ?read_item@dataseg@@QAE_NPAVsavefile@@PAE@Z 004076e0 f   Data.obj
 0001:00006910       ??0?$slist@PAUdsegitem@@@@QAE@XZ 00407910 f i Data.obj
 0001:00006990       ??1?$slist@PAUdsegitem@@@@QAE@XZ 00407990 f i Data.obj
 0001:00006a10       ?compare@?$slist@PAUdsegitem@@@@UAEHPAUdsegitem@@0@Z 00407a10 f i Data.obj
 0001:00006a60       ?delfunc@?$slist@PAUdsegitem@@@@UAEXPAUdsegitem@@@Z 00407a60 f i Data.obj
 0001:00006ac0       ?addto@?$slist@PAUdsegitem@@@@QAEXPAUdsegitem@@@Z 00407ac0 f i Data.obj
 0001:00006c40       ?delfrom@?$slist@PAUdsegitem@@@@QAEXPAUdsegitem@@@Z 00407c40 f i Data.obj
 0001:00006d30       ?find@?$slist@PAUdsegitem@@@@QAEPAUdsegitem@@PAU2@@Z 00407d30 f i Data.obj
 0001:00006e90       ?findnext@?$slist@PAUdsegitem@@@@QAEPAUdsegitem@@PAU2@@Z 00407e90 f i Data.obj
 0001:00006fe0       ?resetiterator@?$slist@PAUdsegitem@@@@QAEXXZ 00407fe0 f i Data.obj
 0001:00007010       ?nextiterator@?$slist@PAUdsegitem@@@@QAEPAUdsegitem@@XZ 00408010 f i Data.obj
 0001:00007070       ?savedecryptitems@@YA_NPAVsavefile@@@Z 00408070 f   database.obj
 0001:00007100       ?loaddecryptitems@@YA_NPAVsavefile@@@Z 00408100 f   database.obj
 0001:00007180       ?retstacksavedb@@YA_NPAVsavefile@@@Z 00408180 f   database.obj
 0001:000071f0       ?retstackloaddb@@YA_NPAVsavefile@@@Z 004081f0 f   database.obj
 0001:00007260       ?dissavedb@@YA_NPAVsavefile@@PAE@Z 00408260 f   database.obj
 0001:00007560       ??0dsmitemsave@@QAE@XZ     00408560 f i database.obj
 0001:000075a0       ??1dsmitemsave@@QAE@XZ     004085a0 f i database.obj
 0001:000075e0       ?disloaddb@@YA_NPAVsavefile@@PAE@Z 004085e0 f   database.obj
 0001:00007a40       ??0dsmitem@@QAE@XZ         00408a40 f i database.obj
 0001:00007a80       ?saverelocitems@@YA_NPAVsavefile@@@Z 00408a80 f   database.obj
 0001:00007b10       ?loadrelocitems@@YA_NPAVsavefile@@@Z 00408b10 f   database.obj
 0001:00007b90       ?gnamesavedb@@YA_NPAVgname@@PAVsavefile@@@Z 00408b90 f   database.obj
 0001:00007c80       ?gnameloaddb@@YA_NPAVgname@@PAVsavefile@@@Z 00408c80 f   database.obj
 0001:00007dd0       ??0gnameitem@@QAE@XZ       00408dd0 f i database.obj
 0001:00007e10       ?savedatasegitems@@YA_NPAVsavefile@@PAE@Z 00408e10 f   database.obj
 0001:00007ea0       ?loaddatasegitems@@YA_NPAVsavefile@@PAE@Z 00408ea0 f   database.obj
 0001:00007f20       ?xrefsavedb@@YA_NPAVsavefile@@@Z 00408f20 f   database.obj
 0001:00007fc0       ?xrefloaddb@@YA_NPAVsavefile@@@Z 00408fc0 f   database.obj
 0001:000080b0       ??0xrefitem@@QAE@XZ        004090b0 f i database.obj
 0001:00008130       ?savedbcoord@@YAXPAD0@Z    00409130 f   database.obj
 0001:00008830       ?loaddbcoord@@YA_NPAD0@Z   00409830 f   database.obj
 0001:00009550       ?savedb@@YAXXZ             0040a550 f   database.obj
 0001:000095f0       ?loaddb@@YAXXZ             0040a5f0 f   database.obj
 0001:00009720       ?savemessbox@@YG_NPAUHWND__@@IIJ@Z 0040a720 f   database.obj
 0001:00009770       ?loadmessbox@@YG_NPAUHWND__@@IIJ@Z 0040a770 f   database.obj
 0001:000097c0       ?addto@?$slist@PAUdsmitem@@@@QAEXPAUdsmitem@@@Z 0040a7c0 f i database.obj
 0001:00009940       ?resetiterator@?$slist@PAUdsmitem@@@@QAEXXZ 0040a940 f i database.obj
 0001:00009970       ?nextiterator@?$slist@PAUdsmitem@@@@QAEPAUdsmitem@@XZ 0040a970 f i database.obj
 0001:000099d0       ?numlistitems@?$slist@PAUdsmitem@@@@QAEKXZ 0040a9d0 f i database.obj
 0001:00009a00       ?addto@?$slist@PAUgnameitem@@@@QAEXPAUgnameitem@@@Z 0040aa00 f i database.obj
 0001:00009b80       ?resetiterator@?$slist@PAUgnameitem@@@@QAEXXZ 0040ab80 f i database.obj
 0001:00009bb0       ?nextiterator@?$slist@PAUgnameitem@@@@QAEPAUgnameitem@@XZ 0040abb0 f i database.obj
 0001:00009c10       ?numlistitems@?$slist@PAUgnameitem@@@@QAEKXZ 0040ac10 f i database.obj
 0001:00009c40       ?resetiterator@?$slist@PAUrelocitem@@@@QAEXXZ 0040ac40 f i database.obj
 0001:00009c70       ?numlistitems@?$slist@PAUrelocitem@@@@QAEKXZ 0040ac70 f i database.obj
 0001:00009ca0       ?addto@?$slist@PAUxrefitem@@@@QAEXPAUxrefitem@@@Z 0040aca0 f i database.obj
 0001:00009e20       ?resetiterator@?$slist@PAUxrefitem@@@@QAEXXZ 0040ae20 f i database.obj
 0001:00009e50       ?nextiterator@?$slist@PAUxrefitem@@@@QAEPAUxrefitem@@XZ 0040ae50 f i database.obj
 0001:00009eb0       ?numlistitems@?$slist@PAUxrefitem@@@@QAEKXZ 0040aeb0 f i database.obj
 0001:00009ee0       ?numlistitems@?$slist@PAUdsegitem@@@@QAEKXZ 0040aee0 f i database.obj
 0001:00009f10       ?resetiterator@?$slist@PAUdeclist@@@@QAEXXZ 0040af10 f i database.obj
 0001:00009f40       ?numlistitems@?$slist@PAUdeclist@@@@QAEKXZ 0040af40 f i database.obj
 0001:00009f70       ?find@?$slist@PAUdsmitem@@@@QAEPAUdsmitem@@PAU2@@Z 0040af70 f i database.obj
 0001:0000a0d0       ?find@?$slist@PAUgnameitem@@@@QAEPAUgnameitem@@PAU2@@Z 0040b0d0 f i database.obj
 0001:0000a230       ?find@?$slist@PAUxrefitem@@@@QAEPAUxrefitem@@PAU2@@Z 0040b230 f i database.obj
 0001:0000a390       ?DebugMessage@@YAXPADZZ    0040b390 f   DEBUG.OBJ
 0001:0000a500       ?ShowLastError@@YAXXZ      0040b500 f   DEBUG.OBJ
 0001:0000a580       ??0decrypt@@QAE@XZ         0040b580 f   Decrypt.obj
 0001:0000a5e0       ??1decrypt@@QAE@XZ         0040b5e0 f   Decrypt.obj
 0001:0000a620       ?compare@decrypt@@UAEHPAUdeclist@@0@Z 0040b620 f   Decrypt.obj
 0001:0000a670       ?add_decrypted@decrypt@@QAEKVlptr@@0W4dectype@@W4ditemtype@@K0_N@Z 0040b670 f   Decrypt.obj
 0001:0000a7b0       ??0declist@@QAE@XZ         0040b7b0 f i Decrypt.obj
 0001:0000a830       ?process_dec@decrypt@@QAEXK@Z 0040b830 f   Decrypt.obj
 0001:0000ae80       ??1declist@@QAE@XZ         0040be80 f i Decrypt.obj
 0001:0000af00       ?exepatch@decrypt@@QAEXK@Z 0040bf00 f   Decrypt.obj
 0001:0000b270       ?process_reload@decrypt@@QAEXK@Z 0040c270 f   Decrypt.obj
 0001:0000b5e0       ?write_item@decrypt@@QAE_NPAVsavefile@@@Z 0040c5e0 f   Decrypt.obj
 0001:0000b640       ?read_item@decrypt@@QAE_NPAVsavefile@@@Z 0040c640 f   Decrypt.obj
 0001:0000b750       ??0?$slist@PAUdeclist@@@@QAE@XZ 0040c750 f i Decrypt.obj
 0001:0000b7d0       ??1?$slist@PAUdeclist@@@@QAE@XZ 0040c7d0 f i Decrypt.obj
 0001:0000b850       ?compare@?$slist@PAUdeclist@@@@UAEHPAUdeclist@@0@Z 0040c850 f i Decrypt.obj
 0001:0000b8a0       ?delfunc@?$slist@PAUdeclist@@@@UAEXPAUdeclist@@@Z 0040c8a0 f i Decrypt.obj
 0001:0000b900       ?addto@?$slist@PAUdeclist@@@@QAEXPAUdeclist@@@Z 0040c900 f i Decrypt.obj
 0001:0000ba80       ?find@?$slist@PAUdeclist@@@@QAEPAUdeclist@@PAU2@@Z 0040ca80 f i Decrypt.obj
 0001:0000bbe0       ?nextiterator@?$slist@PAUdeclist@@@@QAEPAUdeclist@@XZ 0040cbe0 f i Decrypt.obj
 0001:0000bc40       ??_Gdeclist@@QAEPAXI@Z     0040cc40 f i Decrypt.obj
 0001:0000bca0       ??0disasm@@QAE@XZ          0040cca0 f   Disasm.obj
 0001:0000bd10       ??1disasm@@QAE@XZ          0040cd10 f   Disasm.obj
 0001:0000bd50       ?initnewdsm@disasm@@AAEXPAUdsmitem@@Vlptr@@W4dsmitemtype@@@Z 0040cd50 f   Disasm.obj
 0001:0000bdd0       ?dissettable@disasm@@QAEXXZ 0040cdd0 f   Disasm.obj
 0001:0000be40       ?nextiter_code@disasm@@QAEPAUdsmitem@@PAU2@@Z 0040ce40 f   Disasm.obj
 0001:0000bea0       ?dsmitem_contains_loc@disasm@@AAE_NPAUdsmitem@@Vlptr@@@Z 0040cea0 f   Disasm.obj
 0001:0000bf90       ?dsmfindaddrtype@disasm@@AAEPAUdsmitem@@Vlptr@@W4dsmitemtype@@@Z 0040cf90 f   Disasm.obj
 0001:0000c040       ??1dsmitem@@QAE@XZ         0040d040 f i Disasm.obj
 0001:0000c080       ?oktoname@disasm@@QAE_NVlptr@@@Z 0040d080 f   Disasm.obj
 0001:0000c160       ?checkvalid@disasm@@AAE_NPAUdsmitem@@@Z 0040d160 f   Disasm.obj
 0001:0000c490       ?setcodeoverride@disasm@@AAEXVlptr@@W4byteoverride@@@Z 0040d490 f   Disasm.obj
 0001:0000c550       ?disargnegate@disasm@@QAEXVlptr@@@Z 0040d550 f   Disasm.obj
 0001:0000c620       ?disargoverdec@disasm@@QAEXVlptr@@@Z 0040d620 f   Disasm.obj
 0001:0000c6a0       ?disargoversingle@disasm@@QAEXVlptr@@@Z 0040d6a0 f   Disasm.obj
 0001:0000c720       ?disargoverhex@disasm@@QAEXVlptr@@@Z 0040d720 f   Disasm.obj
 0001:0000c7a0       ?disargoverchar@disasm@@QAEXVlptr@@@Z 0040d7a0 f   Disasm.obj
 0001:0000c820       ?disargoveroffsetdseg@disasm@@QAEXVlptr@@@Z 0040d820 f   Disasm.obj
 0001:0000c950       ?disdatastring@disasm@@QAEXVlptr@@@Z 0040d950 f   Disasm.obj
 0001:0000cbf0       ??_Gdsmitem@@QAEPAXI@Z     0040dbf0 f i Disasm.obj
 0001:0000cc50       ?disdataucstring@disasm@@QAEXVlptr@@@Z 0040dc50 f   Disasm.obj
 0001:0000cf20       ?disdataupstring@disasm@@QAEXVlptr@@@Z 0040df20 f   Disasm.obj
 0001:0000d200       ?disdatadosstring@disasm@@QAEXVlptr@@@Z 0040e200 f   Disasm.obj
 0001:0000d4a0       ?disdatageneralstring@disasm@@QAEXVlptr@@@Z 0040e4a0 f   Disasm.obj
 0001:0000d750       ?disdatapstring@disasm@@QAEXVlptr@@@Z 0040e750 f   Disasm.obj
 0001:0000da10       ?disdata@disasm@@AAEXVlptr@@PAUasminstdata@@EW4byteoverride@@@Z 0040ea10 f   Disasm.obj
 0001:0000db90       ?disdataword@disasm@@QAEXVlptr@@@Z 0040eb90 f   Disasm.obj
 0001:0000dc10       ?disdatadword@disasm@@QAEXVlptr@@@Z 0040ec10 f   Disasm.obj
 0001:0000dc90       ?disdatasingle@disasm@@QAEXVlptr@@@Z 0040ec90 f   Disasm.obj
 0001:0000dd10       ?disdatadouble@disasm@@QAEXVlptr@@@Z 0040ed10 f   Disasm.obj
 0001:0000dd90       ?disdatalongdouble@disasm@@QAEXVlptr@@@Z 0040ed90 f   Disasm.obj
 0001:0000de10       ?disdatadsoffword@disasm@@QAEXVlptr@@@Z 0040ee10 f   Disasm.obj
 0001:0000de90       ?addcomment@disasm@@QAEXVlptr@@PAD@Z 0040ee90 f   Disasm.obj
 0001:0000df40       ?disname_or_ordinal@disasm@@QAEHVlptr@@_N@Z 0040ef40 f   Disasm.obj
 0001:0000e300       ?disdialog@disasm@@QAEXVlptr@@PAD@Z 0040f300 f   Disasm.obj
 0001:0000f320       ?disstringtable@disasm@@QAEXVlptr@@PAD@Z 00410320 f   Disasm.obj
 0001:0000f530       ?codeseek@disasm@@QAEXVlptr@@@Z 00410530 f   Disasm.obj
 0001:0000f7c0       ?disexportblock@disasm@@QAEXVlptr@@@Z 004107c0 f   Disasm.obj
 0001:0000f870       ?disblock@disasm@@QAEXVlptr@@@Z 00410870 f   Disasm.obj
 0001:0000fc10       ?decodeinst@disasm@@AAEPAUdsmitem@@PAE0Vlptr@@E_NH@Z 00410c10 f   Disasm.obj
 0001:000114e0       ?arglength@disasm@@AAEEW4argtype@@EEK_N@Z 004124e0 f   Disasm.obj
 0001:00011730       ?compare@disasm@@UAEHPAUdsmitem@@0@Z 00412730 f   Disasm.obj
 0001:000117c0       ?delfunc@disasm@@UAEXPAUdsmitem@@@Z 004127c0 f   Disasm.obj
 0001:00011850       ?undefineline@disasm@@QAEXXZ 00412850 f   Disasm.obj
 0001:00011930       ?undefinelines@disasm@@QAEXXZ 00412930 f   Disasm.obj
 0001:00011a50       ?undefinelines_long@disasm@@QAEXXZ 00412a50 f   Disasm.obj
 0001:00011b70       ?undefineblock@disasm@@QAEXVlptr@@0@Z 00412b70 f   Disasm.obj
 0001:00011cb0       ?discomment@disasm@@QAEXVlptr@@W4dsmitemtype@@PAE@Z 00412cb0 f   Disasm.obj
 0001:00011db0       ?disautocomment@disasm@@QAEXVlptr@@W4dsmitemtype@@PAE@Z 00412db0 f   Disasm.obj
 0001:00011f10       ?delcomment@disasm@@QAEXVlptr@@W4dsmitemtype@@@Z 00412f10 f   Disasm.obj
 0001:00011fd0       ?interpretmod@disasm@@AAE_NPAEPAK000PAH@Z 00412fd0 f   Disasm.obj
 0001:00012280       ?disjumptable@disasm@@QAEXVlptr@@@Z 00413280 f   Disasm.obj
 0001:000130c0       ?disxref@disasm@@QAEXVlptr@@@Z 004140c0 f   Disasm.obj
 0001:000132e0       ?getlength@disasm@@QAEHVlptr@@@Z 004142e0 f   Disasm.obj
 0001:000133d0       ??0?$slist@PAUdsmitem@@@@QAE@XZ 004143d0 f i Disasm.obj
 0001:00013450       ??1?$slist@PAUdsmitem@@@@QAE@XZ 00414450 f i Disasm.obj
 0001:000134d0       ?compare@?$slist@PAUdsmitem@@@@UAEHPAUdsmitem@@0@Z 004144d0 f i Disasm.obj
 0001:00013520       ?delfunc@?$slist@PAUdsmitem@@@@UAEXPAUdsmitem@@@Z 00414520 f i Disasm.obj
 0001:00013580       ?delfrom@?$slist@PAUdsmitem@@@@QAEXPAUdsmitem@@@Z 00414580 f i Disasm.obj
 0001:00013670       ?lastiterator@?$slist@PAUdsmitem@@@@QAEPAUdsmitem@@XZ 00414670 f i Disasm.obj
 0001:000136c0       ??0disio@@QAE@XZ           004146c0 f   Disio.obj
 0001:00013750       ??1disio@@QAE@XZ           00414750 f   Disio.obj
 0001:000137d0       ?argoverdec@disio@@QAEXXZ  004147d0 f   Disio.obj
 0001:00013860       ?argoversingle@disio@@QAEXXZ 00414860 f   Disio.obj
 0001:000138f0       ?arg_negate@disio@@QAEXXZ  004148f0 f   Disio.obj
 0001:00013980       ?argoverhex@disio@@QAEXXZ  00414980 f   Disio.obj
 0001:00013a10       ?argoveroffsetdseg@disio@@QAEXXZ 00414a10 f   Disio.obj
 0001:00013aa0       ?argoverchar@disio@@QAEXXZ 00414aa0 f   Disio.obj
 0001:00013b30       ?makedword@disio@@QAEXXZ   00414b30 f   Disio.obj
 0001:00013be0       ?makesingle@disio@@QAEXXZ  00414be0 f   Disio.obj
 0001:00013c90       ?makedouble@disio@@QAEXXZ  00414c90 f   Disio.obj
 0001:00013d40       ?makelongdouble@disio@@QAEXXZ 00414d40 f   Disio.obj
 0001:00013df0       ?makeword@disio@@QAEXXZ    00414df0 f   Disio.obj
 0001:00013ea0       ?makestring@disio@@QAEXXZ  00414ea0 f   Disio.obj
 0001:00013f50       ?pascalstring@disio@@QAEXXZ 00414f50 f   Disio.obj
 0001:00014000       ?ucstring@disio@@QAEXXZ    00415000 f   Disio.obj
 0001:000140b0       ?upstring@disio@@QAEXXZ    004150b0 f   Disio.obj
 0001:00014160       ?dosstring@disio@@QAEXXZ   00415160 f   Disio.obj
 0001:00014210       ?generalstring@disio@@QAEXXZ 00415210 f   Disio.obj
 0001:000142c0       ?makecode@disio@@QAEXXZ    004152c0 f   Disio.obj
 0001:00014370       ?vertsetpos@disio@@QAEXH@Z 00415370 f   Disio.obj
 0001:00014430       ?setcuraddr@disio@@QAEXVlptr@@@Z 00415430 f   Disio.obj
 0001:000146b0       ?setpos@disio@@QAEXH@Z     004156b0 f   Disio.obj
 0001:00014720       ?printlineheader@disio@@AAEXVlptr@@_N@Z 00415720 f   Disio.obj
 0001:00014820       ?outinst@disio@@QAEXPAUdsmitem@@_N@Z 00415820 f   Disio.obj
 0001:00014b30       ?outdb@disio@@QAEXPAVlptr@@_N@Z 00415b30 f   Disio.obj
 0001:00014cd0       ?issegprefix@disio@@AAE_NE@Z 00415cd0 f   Disio.obj
 0001:00014d50       ?isprefix@disio@@AAE_NE@Z  00415d50 f   Disio.obj
 0001:00014db0       ?outprefix@disio@@QAEXE@Z  00415db0 f   Disio.obj
 0001:00014fa0       ?jumpback@disio@@QAEXXZ    00415fa0 f   Disio.obj
 0001:00015060       ?jumpto@disio@@QAEX_N@Z    00416060 f   Disio.obj
 0001:00015bf0       ?findcurrentline@disio@@QAEPAUdsmitem@@XZ 00416bf0 f   Disio.obj
 0001:00015ea0       ?findcurrentaddr@disio@@QAEXPAVlptr@@@Z 00416ea0 f   Disio.obj
 0001:00016150       ?savecuraddr@disio@@QAEXXZ 00417150 f   Disio.obj
 0001:000161a0       ?updatewindowifwithinrange@disio@@QAEXVlptr@@0@Z 004171a0 f   Disio.obj
 0001:00016260       ?updatewindowifinrange@disio@@QAEXVlptr@@@Z 00417260 f   Disio.obj
 0001:00016300       ?updatewindow@disio@@QAEXXZ 00417300 f   Disio.obj
 0001:000166a0       ?scroller@disio@@QAEXK@Z   004176a0 f   Disio.obj
 0001:00016c20       ?outargs@disio@@QAEXPAUdsmitem@@W4argtype@@@Z 00417c20 f   Disio.obj
 0001:00019f10       ?outcomment@disio@@QAEXPAUdsmitem@@@Z 0041af10 f   Disio.obj
 0001:00019f60       ?dumpblocktofile@disio@@QAEXPAD_N@Z 0041af60 f   Disio.obj
 0001:0001a5f0       ?dumptofile@disio@@QAEXPAD_N@Z 0041b5f0 f   Disio.obj
 0001:0001aad0       ?findnext@?$slist@PAUdsmitem@@@@QAEPAUdsmitem@@PAU2@@Z 0041bad0 f i Disio.obj
 0001:0001ac20       ?checktypebox@@YG_NPAUHWND__@@IIJ@Z 0041bc20 f   dlg_ldop.obj
 0001:0001b510       ?moreoptions@@YG_NPAUHWND__@@IIJ@Z 0041c510 f   dlg_ldop.obj
 0001:0001b790       ?loadexefile@@YA_NPAD@Z    0041c790 f   dlg_ldop.obj
 0001:0001bd30       ?newfile@@YA_NXZ           0041cd30 f   dlg_ldop.obj
 0001:0001be40       ??0fileloader@@QAE@XZ      0041ce40 f   exeload.obj
 0001:0001be90       ??1fileloader@@QAE@XZ      0041ce90 f   exeload.obj
 0001:0001bf00       ?fileoffset@fileloader@@QAEKVlptr@@@Z 0041cf00 f   exeload.obj
 0001:0001bfc0       ?patchfile@fileloader@@QAEXKKPAE@Z 0041cfc0 f   exeload.obj
 0001:0001c060       ?reloadfile@fileloader@@QAEXKKPAE@Z 0041d060 f   exeload.obj
 0001:0001c100       ?readcomfile@fileloader@@QAEXK@Z 0041d100 f   exeload.obj
 0001:0001c210       ?readsysfile@fileloader@@QAEXK@Z 0041d210 f   exeload.obj
 0001:0001c650       ?readpefile@fileloader@@QAEXK@Z 0041d650 f   exeload.obj
 0001:0001e790       ?mzcmp@@YAHPBX0@Z          0041f790 f   exeload.obj
 0001:0001e7f0       ?readmzfile@fileloader@@QAEXK@Z 0041f7f0 f   exeload.obj
 0001:0001f020       ?readlefile@fileloader@@QAEXXZ 00420020 f   exeload.obj
 0001:0001f050       ?readnefile@fileloader@@QAEXK@Z 00420050 f   exeload.obj
 0001:0001f8f0       ?reados2file@fileloader@@QAEXXZ 004208f0 f   exeload.obj
 0001:0001f920       ?readbinfile@fileloader@@QAEXK@Z 00420920 f   exeload.obj
 0001:0001fa30       ?getexetype@fileloader@@QAEHXZ 00420a30 f   exeload.obj
 0001:0001fa60       ?setexetype@fileloader@@QAEXH@Z 00420a60 f   exeload.obj
 0001:0001fa90       ?subdirsummary@fileloader@@AAEXPAEPADKK@Z 00420a90 f   exeload.obj
 0001:0001fcb0       ?leaf2summary@fileloader@@AAEXPAEPADKK@Z 00420cb0 f   exeload.obj
 0001:0001fd50       ?leafnodesummary@fileloader@@AAEXPAEPADKK@Z 00420d50 f   exeload.obj
 0001:0001fe60       ??0gname@@QAE@XZ           00420e60 f   Gname.obj
 0001:0001feb0       ??1gname@@QAE@XZ           00420eb0 f   Gname.obj
 0001:0001fef0       ?compare@gname@@UAEHPAUgnameitem@@0@Z 00420ef0 f   Gname.obj
 0001:0001ff60       ?delfunc@gname@@UAEXPAUgnameitem@@@Z 00420f60 f   Gname.obj
 0001:0001ffd0       ??_Ggnameitem@@QAEPAXI@Z   00420fd0 f i Gname.obj
 0001:00020030       ??1gnameitem@@QAE@XZ       00421030 f i Gname.obj
 0001:00020070       ?addname@gname@@QAEXVlptr@@PAD@Z 00421070 f   Gname.obj
 0001:00020340       ?isname@gname@@QAE_NVlptr@@@Z 00421340 f   Gname.obj
 0001:00020420       ?printname@gname@@QAEXVlptr@@@Z 00421420 f   Gname.obj
 0001:000204e0       ?delname@gname@@QAEXVlptr@@@Z 004214e0 f   Gname.obj
 0001:000205c0       ?getoffsfromname@gname@@QAEKPAD@Z 004215c0 f   Gname.obj
 0001:00020640       ??0?$slist@PAUgnameitem@@@@QAE@XZ 00421640 f i Gname.obj
 0001:000206c0       ??1?$slist@PAUgnameitem@@@@QAE@XZ 004216c0 f i Gname.obj
 0001:00020740       ?compare@?$slist@PAUgnameitem@@@@UAEHPAUgnameitem@@0@Z 00421740 f i Gname.obj
 0001:00020790       ?delfunc@?$slist@PAUgnameitem@@@@UAEXPAUgnameitem@@@Z 00421790 f i Gname.obj
 0001:000207f0       ?delfrom@?$slist@PAUgnameitem@@@@QAEXPAUgnameitem@@@Z 004217f0 f i Gname.obj
 0001:000208e0       ?helpshortcuts@@YG_NPAUHWND__@@IIJ@Z 004218e0 f   help.obj
 0001:00020990       ?habox@@YG_NPAUHWND__@@IIJ@Z 00421990 f   help.obj
 0001:00020aa0       ?helpbox1@@YG_NPAUHWND__@@IIJ@Z 00421aa0 f   help.obj
 0001:00020b20       ?horizscroll@@YAXH@Z       00421b20 f   Mainwind.obj
 0001:00020bb0       ?horizscrollto@@YAXH@Z     00421bb0 f   Mainwind.obj
 0001:00020c30       ?ClearBuff@@YAXXZ          00421c30 f   Mainwind.obj
 0001:00020cc0       ?DoneBuff@@YAXXZ           00421cc0 f   Mainwind.obj
 0001:00020d20       ?PrintBuff@@YAXPADZZ       00421d20 f   Mainwind.obj
 0001:00020dd0       ?LastPrintBuffEpos@@YAXI@Z 00421dd0 f   Mainwind.obj
 0001:00020e80       ?LastPrintBuffHexValue@@YAXE@Z 00421e80 f   Mainwind.obj
 0001:00020f00       ?LastPrintBuffLongHexValue@@YAXK@Z 00421f00 f   Mainwind.obj
 0001:00020f70       ?LastPrintBuff@@YAXPADZZ   00421f70 f   Mainwind.obj
 0001:00021040       ?DumpBuff@@YAXPAX@Z        00422040 f   Mainwind.obj
 0001:000210f0       ?DoPaint@@YAXPAUHWND__@@HH@Z 004220f0 f   Mainwind.obj
 0001:000215e0       ?PaintBack@@YAXPAUHWND__@@@Z 004225e0 f   Mainwind.obj
 0001:000216e0       ??0range@@QAE@XZ           004226e0 f   Range.obj
 0001:00021780       ??1range@@QAE@XZ           00422780 f   Range.obj
 0001:000217f0       ?checkblock@range@@QAE_NXZ 004227f0 f   Range.obj
 0001:000218e0       ?undefine@range@@QAEXXZ    004228e0 f   Range.obj
 0001:00021940       ?settop@range@@QAEXXZ      00422940 f   Range.obj
 0001:000219a0       ?setbottom@range@@QAEXXZ   004229a0 f   Range.obj
 0001:00021a10       ?save_reg_entries@@YAXXZ   00422a10 f   registry.obj
 0001:00021c00       ?load_reg_entries@@YAXXZ   00422c00 f   registry.obj
 0001:00021e80       ??0relocs@@QAE@XZ          00422e80 f   RELOCS.OBJ
 0001:00021ed0       ??1relocs@@QAE@XZ          00422ed0 f   RELOCS.OBJ
 0001:00021f10       ?addreloc@relocs@@QAEXVlptr@@W4reloctype@@@Z 00422f10 f   RELOCS.OBJ
 0001:00021fe0       ??0relocitem@@QAE@XZ       00422fe0 f i RELOCS.OBJ
 0001:00022020       ?isreloc@relocs@@QAE_NVlptr@@@Z 00423020 f   RELOCS.OBJ
 0001:00022100       ??1relocitem@@QAE@XZ       00423100 f i RELOCS.OBJ
 0001:00022140       ?compare@relocs@@UAEHPAUrelocitem@@0@Z 00423140 f   RELOCS.OBJ
 0001:000221b0       ?relocfile@relocs@@QAE_NXZ 004231b0 f   RELOCS.OBJ
 0001:000222b0       ?newitem@relocs@@QAEPAUrelocitem@@XZ 004232b0 f   RELOCS.OBJ
 0001:00022340       ?write_item@relocs@@QAE_NPAVsavefile@@@Z 00423340 f   RELOCS.OBJ
 0001:000223a0       ?read_item@relocs@@QAE_NPAVsavefile@@@Z 004233a0 f   RELOCS.OBJ
 0001:00022460       ??0?$slist@PAUrelocitem@@@@QAE@XZ 00423460 f i RELOCS.OBJ
 0001:000224e0       ??1?$slist@PAUrelocitem@@@@QAE@XZ 004234e0 f i RELOCS.OBJ
 0001:00022560       ?compare@?$slist@PAUrelocitem@@@@UAEHPAUrelocitem@@0@Z 00423560 f i RELOCS.OBJ
 0001:000225b0       ?delfunc@?$slist@PAUrelocitem@@@@UAEXPAUrelocitem@@@Z 004235b0 f i RELOCS.OBJ
 0001:00022610       ?addto@?$slist@PAUrelocitem@@@@QAEXPAUrelocitem@@@Z 00423610 f i RELOCS.OBJ
 0001:00022790       ?find@?$slist@PAUrelocitem@@@@QAEPAUrelocitem@@PAU2@@Z 00423790 f i RELOCS.OBJ
 0001:000228f0       ?nextiterator@?$slist@PAUrelocitem@@@@QAEPAUrelocitem@@XZ 004238f0 f i RELOCS.OBJ
 0001:00022950       ??_Grelocitem@@QAEPAXI@Z   00423950 f i RELOCS.OBJ
 0001:000229b0       ??0savefile@@QAE@XZ        004239b0 f   SAVEFILE.OBJ
 0001:00022a20       ??1savefile@@QAE@XZ        00423a20 f   SAVEFILE.OBJ
 0001:00022a60       ?sopen@savefile@@QAE_NPBDKKKK@Z 00423a60 f   SAVEFILE.OBJ
 0001:00022b40       ?sclose@savefile@@QAEXXZ   00423b40 f   SAVEFILE.OBJ
 0001:00022b90       ?getnibble@savefile@@AAE_NPAE@Z 00423b90 f   SAVEFILE.OBJ
 0001:00022ca0       ?getrlenibble@savefile@@AAE_NPAE@Z 00423ca0 f   SAVEFILE.OBJ
 0001:00022df0       ?putnibble@savefile@@AAE_NE@Z 00423df0 f   SAVEFILE.OBJ
 0001:00022f20       ?flushnibble@savefile@@AAE_NXZ 00423f20 f   SAVEFILE.OBJ
 0001:00022f90       ?putrlenibble@savefile@@AAE_NE@Z 00423f90 f   SAVEFILE.OBJ
 0001:00023140       ?flushrlenibble@savefile@@AAE_NXZ 00424140 f   SAVEFILE.OBJ
 0001:00023220       ?flushfilewrite@savefile@@QAE_NXZ 00424220 f   SAVEFILE.OBJ
 0001:00023270       ?sread@savefile@@QAE_NPAXKPAK@Z 00424270 f   SAVEFILE.OBJ
 0001:00023330       ?swrite@savefile@@QAE_NPBXK@Z 00424330 f   SAVEFILE.OBJ
 0001:000233d0       ??0schedule@@QAE@XZ        004243d0 f   SCHEDULE.OBJ
 0001:00023420       ??1schedule@@QAE@XZ        00424420 f   SCHEDULE.OBJ
 0001:000234f0       ??_Gtaskitem@@QAEPAXI@Z    004244f0 f i SCHEDULE.OBJ
 0001:00023550       ??1taskitem@@QAE@XZ        00424550 f i SCHEDULE.OBJ
 0001:00023590       ?addtask@schedule@@QAEXW4tasktype@@W4priority@@Vlptr@@PAD@Z 00424590 f   SCHEDULE.OBJ
 0001:00023760       ??0taskitem@@QAE@XZ        00424760 f i SCHEDULE.OBJ
 0001:000237a0       ?compare@schedule@@UAEHPAUtaskitem@@0@Z 004247a0 f   SCHEDULE.OBJ
 0001:00023820       ?delfunc@schedule@@UAEXPAUtaskitem@@@Z 00424820 f   SCHEDULE.OBJ
 0001:000238a0       ?process@schedule@@QAE_NXZ 004248a0 f   SCHEDULE.OBJ
 0001:00024160       ?sizelist@schedule@@QAEKXZ 00425160 f   SCHEDULE.OBJ
 0001:000241a0       ?stopthread@schedule@@QAEXXZ 004251a0 f   SCHEDULE.OBJ
 0001:00024200       ?continuethread@schedule@@QAEXXZ 00425200 f   SCHEDULE.OBJ
 0001:00024230       ??0?$slist@PAUtaskitem@@@@QAE@XZ 00425230 f i SCHEDULE.OBJ
 0001:000242b0       ??1?$slist@PAUtaskitem@@@@QAE@XZ 004252b0 f i SCHEDULE.OBJ
 0001:00024330       ?compare@?$slist@PAUtaskitem@@@@UAEHPAUtaskitem@@0@Z 00425330 f i SCHEDULE.OBJ
 0001:00024380       ?delfunc@?$slist@PAUtaskitem@@@@UAEXPAUtaskitem@@@Z 00425380 f i SCHEDULE.OBJ
 0001:000243e0       ?addto@?$slist@PAUtaskitem@@@@QAEXPAUtaskitem@@@Z 004253e0 f i SCHEDULE.OBJ
 0001:00024560       ?processqueue@?$slist@PAUtaskitem@@@@QAEPAUtaskitem@@XZ 00425560 f i SCHEDULE.OBJ
 0001:000245f0       ?peekfirst@?$slist@PAUtaskitem@@@@QAEPAUtaskitem@@XZ 004255f0 f i SCHEDULE.OBJ
 0001:00024630       ?numlistitems@?$slist@PAUtaskitem@@@@QAEKXZ 00425630 f i SCHEDULE.OBJ
 0001:00024660       ?find@?$slist@PAUtaskitem@@@@QAEPAUtaskitem@@PAU2@@Z 00425660 f i SCHEDULE.OBJ
 0001:000247c0       ?searchengine@@YAXXZ       004257c0 f   Search.obj
 0001:00024830       ?parsestring@@YAHPAEPAD@Z  00425830 f   Search.obj
 0001:00024880       ?parsehex@@YAHPAEPAD@Z     00425880 f   Search.obj
 0001:00024940       ?parsedec@@YAHPAEPAD@Z     00425940 f   Search.obj
 0001:00024a00       ?parsebytes@@YAHPAEPAD@Z   00425a00 f   Search.obj
 0001:00024af0       ?dosearch@@YAXPAUHWND__@@W4search_type@@_NVlptr@@@Z 00425af0 f   Search.obj
 0001:00024e70       ?searchmore@@YAXXZ         00425e70 f   Search.obj
 0001:00024f60       ?searchbox@@YG_NPAUHWND__@@IIJ@Z 00425f60 f   Search.obj
 0001:00025320       ?searchingbox@@YG_NPAUHWND__@@IIJ@Z 00426320 f   Search.obj
 0001:00025370       ??0stack@@QAE@XZ           00426370 f   Stack.obj
 0001:000253d0       ??1stack@@QAE@XZ           004263d0 f   Stack.obj
 0001:00025410       ?push@stack@@QAEXVlptr@@@Z 00426410 f   Stack.obj
 0001:000254d0       ?pop@stack@@QAE?AVlptr@@XZ 004264d0 f   Stack.obj
 0001:00025570       ?exportsviewer@@YAXXZ      00426570 f   user_dlg.obj
 0001:00025610       ?exportsbox@@YG_NPAUHWND__@@IIJ@Z 00426610 f   user_dlg.obj
 0001:00025940       ?importsviewer@@YAXXZ      00426940 f   user_dlg.obj
 0001:000259e0       ?importsbox@@YG_NPAUHWND__@@IIJ@Z 004269e0 f   user_dlg.obj
 0001:00025cd0       ?namelocation@@YAXXZ       00426cd0 f   user_dlg.obj
 0001:00025db0       ?namesviewer@@YAXXZ        00426db0 f   user_dlg.obj
 0001:00025e50       ?namesbox@@YG_NPAUHWND__@@IIJ@Z 00426e50 f   user_dlg.obj
 0001:00026320       ?getnamebox@@YG_NPAUHWND__@@IIJ@Z 00427320 f   user_dlg.obj
 0001:00026430       ?blockview@@YAXXZ          00427430 f   user_dlg.obj
 0001:000264a0       ?blockbox@@YG_NPAUHWND__@@IIJ@Z 004274a0 f   user_dlg.obj
 0001:00026680       ?xrefsviewer@@YAXXZ        00427680 f   user_dlg.obj
 0001:000267c0       ??1xrefitem@@QAE@XZ        004277c0 f i user_dlg.obj
 0001:00026830       ?xrefsbox@@YG_NPAUHWND__@@IIJ@Z 00427830 f   user_dlg.obj
 0001:00026c10       ?segviewer@@YAXXZ          00427c10 f   user_dlg.obj
 0001:00026c80       ?segbox@@YG_NPAUHWND__@@IIJ@Z 00427c80 f   user_dlg.obj
 0001:00027420       ?getcomment@@YAXXZ         00428420 f   user_dlg.obj
 0001:00027490       ?getcommentbox@@YG_NPAUHWND__@@IIJ@Z 00428490 f   user_dlg.obj
 0001:000277b0       ?findnext@?$slist@PAUxrefitem@@@@QAEPAUxrefitem@@PAU2@@Z 004287b0 f i user_dlg.obj
 0001:00027900       ?shutbox@@YG_NPAUHWND__@@IIJ@Z 00428900 f   user_fn.obj
 0001:00027930       ?choosecolour@@YAKK@Z      00428930 f   user_fn.obj
 0001:000279c0       ?decrypterdialog@@YAXXZ    004289c0 f   user_fn.obj
 0001:00027a40       ?decbox@@YG_NPAUHWND__@@IIJ@Z 00428a40 f   user_fn.obj
 0001:000281d0       ??0xref@@QAE@XZ            004291d0 f   Xref.obj
 0001:00028220       ??1xref@@QAE@XZ            00429220 f   Xref.obj
 0001:00028260       ?addxref@xref@@QAEXVlptr@@0@Z 00429260 f   Xref.obj
 0001:00028410       ??_Gxrefitem@@QAEPAXI@Z    00429410 f i Xref.obj
 0001:00028470       ?compare@xref@@UAEHPAUxrefitem@@0@Z 00429470 f   Xref.obj
 0001:00028520       ?delxref@xref@@QAEXVlptr@@0@Z 00429520 f   Xref.obj
 0001:000286b0       ?printfirst@xref@@QAEXVlptr@@@Z 004296b0 f   Xref.obj
 0001:00028820       ?userdel@xref@@QAEXVlptr@@@Z 00429820 f   Xref.obj
 0001:000288d0       ??0?$slist@PAUxrefitem@@@@QAE@XZ 004298d0 f i Xref.obj
 0001:00028950       ??1?$slist@PAUxrefitem@@@@QAE@XZ 00429950 f i Xref.obj
 0001:000289d0       ?compare@?$slist@PAUxrefitem@@@@UAEHPAUxrefitem@@0@Z 004299d0 f i Xref.obj
 0001:00028a20       ?delfunc@?$slist@PAUxrefitem@@@@UAEXPAUxrefitem@@@Z 00429a20 f i Xref.obj
 0001:00028a80       ?delfrom@?$slist@PAUxrefitem@@@@QAEXPAUxrefitem@@@Z 00429a80 f i Xref.obj
 0001:00028b6e       _GetCurrentDirectoryA@8    00429b6e f   kernel32:KERNEL32.dll
 0001:00028b74       _InitializeCriticalSection@4 00429b74 f   kernel32:KERNEL32.dll
 0001:00028b7a       _DeleteCriticalSection@4   00429b7a f   kernel32:KERNEL32.dll
 0001:00028b80       _CloseHandle@4             00429b80 f   kernel32:KERNEL32.dll
 0001:00028b86       _TerminateThread@8         00429b86 f   kernel32:KERNEL32.dll
 0001:00028b8c       _SetPriorityClass@8        00429b8c f   kernel32:KERNEL32.dll
 0001:00028b92       _Sleep@4                   00429b92 f   kernel32:KERNEL32.dll
 0001:00028b98       _SetThreadPriority@8       00429b98 f   kernel32:KERNEL32.dll
 0001:00028b9e       _ExitThread@4              00429b9e f   kernel32:KERNEL32.dll
 0001:00028ba4       _MulDiv@12                 00429ba4 f   kernel32:KERNEL32.dll
 0001:00028baa       _ReadFile@20               00429baa f   kernel32:KERNEL32.dll
 0001:00028bb0       _SetFilePointer@16         00429bb0 f   kernel32:KERNEL32.dll
 0001:00028bb6       _GetFileSize@8             00429bb6 f   kernel32:KERNEL32.dll
 0001:00028bbc       _GetFileType@4             00429bbc f   kernel32:KERNEL32.dll
 0001:00028bc2       _CreateFileA@28            00429bc2 f   kernel32:KERNEL32.dll
 0001:00028bc8       _CreateThread@24           00429bc8 f   kernel32:KERNEL32.dll
 0001:00028bce       _WriteFile@20              00429bce f   kernel32:KERNEL32.dll
 0001:00028bd4       _FormatMessageA@28         00429bd4 f   kernel32:KERNEL32.dll
 0001:00028bda       _GetLastError@0            00429bda f   kernel32:KERNEL32.dll
 0001:00028be0       _lstrcpyA@8                00429be0 f   kernel32:KERNEL32.dll
 0001:00028be6       _lstrcpynA@12              00429be6 f   kernel32:KERNEL32.dll
 0001:00028bec       _lstrcmpiA@8               00429bec f   kernel32:KERNEL32.dll
 0001:00028bf2       _WideCharToMultiByte@32    00429bf2 f   kernel32:KERNEL32.dll
 0001:00028bf8       _LeaveCriticalSection@4    00429bf8 f   kernel32:KERNEL32.dll
 0001:00028bfe       _EnterCriticalSection@4    00429bfe f   kernel32:KERNEL32.dll
 0001:00028c04       _lstrlenA@4                00429c04 f   kernel32:KERNEL32.dll
 0001:00028c0a       _SetCurrentDirectoryA@4    00429c0a f   kernel32:KERNEL32.dll
 0001:00028c10       _MoveWindow@24             00429c10 f   user32:USER32.dll
 0001:00028c16       _GetWindowRect@8           00429c16 f   user32:USER32.dll
 0001:00028c1c       _GetParent@4               00429c1c f   user32:USER32.dll
 0001:00028c22       _LoadStringA@16            00429c22 f   user32:USER32.dll
 0001:00028c28       _DispatchMessageA@4        00429c28 f   user32:USER32.dll
 0001:00028c2e       _TranslateMessage@4        00429c2e f   user32:USER32.dll
 0001:00028c34       _GetMessageA@16            00429c34 f   user32:USER32.dll
 0001:00028c3a       _UpdateWindow@4            00429c3a f   user32:USER32.dll
 0001:00028c40       _ShowWindow@8              00429c40 f   user32:USER32.dll
 0001:00028c46       _CreateWindowExA@48        00429c46 f   user32:USER32.dll
 0001:00028c4c       _RegisterClassExA@4        00429c4c f   user32:USER32.dll
 0001:00028c52       _LoadCursorA@8             00429c52 f   user32:USER32.dll
 0001:00028c58       _LoadIconA@8               00429c58 f   user32:USER32.dll
 0001:00028c5e       _GetSystemMetrics@4        00429c5e f   user32:USER32.dll
 0001:00028c64       _GetKeyState@4             00429c64 f   user32:USER32.dll
 0001:00028c6a       _GetSubMenu@8              00429c6a f   user32:USER32.dll
 0001:00028c70       _LoadMenuA@8               00429c70 f   user32:USER32.dll
 0001:00028c76       _SetScrollPos@16           00429c76 f   user32:USER32.dll
 0001:00028c7c       _SetScrollRange@20         00429c7c f   user32:USER32.dll
 0001:00028c82       _ReleaseDC@8               00429c82 f   user32:USER32.dll
 0001:00028c88       _GetDC@4                   00429c88 f   user32:USER32.dll
 0001:00028c8e       _PostQuitMessage@4         00429c8e f   user32:USER32.dll
 0001:00028c94       _DestroyWindow@4           00429c94 f   user32:USER32.dll
 0001:00028c9a       _MessageBoxA@16            00429c9a f   user32:USER32.dll
 0001:00028ca0       _TrackPopupMenu@28         00429ca0 f   user32:USER32.dll
 0001:00028ca6       _ClientToScreen@8          00429ca6 f   user32:USER32.dll
 0001:00028cac       _DefWindowProcA@16         00429cac f   user32:USER32.dll
 0001:00028cb2       _InvalidateRect@12         00429cb2 f   user32:USER32.dll
 0001:00028cb8       _GetClientRect@8           00429cb8 f   user32:USER32.dll
 0001:00028cbe       _DialogBoxParamA@20        00429cbe f   user32:USER32.dll
 0001:00028cc4       _SendMessageA@16           00429cc4 f   user32:USER32.dll
 0001:00028cca       _EnableMenuItem@12         00429cca f   user32:USER32.dll
 0001:00028cd0       _GetMenu@4                 00429cd0 f   user32:USER32.dll
 0001:00028cd6       _CreateDialogParamA@20     00429cd6 f   user32:USER32.dll
 0001:00028cdc       _PostMessageA@16           00429cdc f   user32:USER32.dll
 0001:00028ce2       _wsprintfA                 00429ce2 f   user32:USER32.dll
 0001:00028ce8       _GetSysColor@4             00429ce8 f   user32:USER32.dll
 0001:00028cee       _CheckMenuItem@12          00429cee f   user32:USER32.dll
 0001:00028cf4       _SetWindowTextA@8          00429cf4 f   user32:USER32.dll
 0001:00028cfa       _wvsprintfA@12             00429cfa f   user32:USER32.dll
 0001:00028d00       _EndDialog@8               00429d00 f   user32:USER32.dll
 0001:00028d06       _IsDlgButtonChecked@8      00429d06 f   user32:USER32.dll
 0001:00028d0c       _SendDlgItemMessageA@20    00429d0c f   user32:USER32.dll
 0001:00028d12       _CheckDlgButton@12         00429d12 f   user32:USER32.dll
 0001:00028d18       _SetDlgItemTextA@12        00429d18 f   user32:USER32.dll
 0001:00028d1e       _SetFocus@4                00429d1e f   user32:USER32.dll
 0001:00028d24       _GetDlgItem@8              00429d24 f   user32:USER32.dll
 0001:00028d2a       _EndPaint@8                00429d2a f   user32:USER32.dll
 0001:00028d30       _TabbedTextOutA@32         00429d30 f   user32:USER32.dll
 0001:00028d36       _ShowScrollBar@12          00429d36 f   user32:USER32.dll
 0001:00028d3c       _BeginPaint@8              00429d3c f   user32:USER32.dll
 0001:00028d42       _FillRect@12               00429d42 f   user32:USER32.dll
 0001:00028d48       _GetTextMetricsA@8         00429d48 f   gdi32:GDI32.dll
 0001:00028d4e       _SelectObject@8            00429d4e f   gdi32:GDI32.dll
 0001:00028d54       _GetStockObject@4          00429d54 f   gdi32:GDI32.dll
 0001:00028d5a       _CreateFontA@56            00429d5a f   gdi32:GDI32.dll
 0001:00028d60       _GetDeviceCaps@8           00429d60 f   gdi32:GDI32.dll
 0001:00028d66       _DeleteObject@4            00429d66 f   gdi32:GDI32.dll
 0001:00028d6c       _SetBkColor@8              00429d6c f   gdi32:GDI32.dll
 0001:00028d72       _SetTextColor@8            00429d72 f   gdi32:GDI32.dll
 0001:00028d78       _CreateSolidBrush@4        00429d78 f   gdi32:GDI32.dll
 0001:00028d7e       _GetOpenFileNameA@4        00429d7e f   comdlg32:comdlg32.dll
 0001:00028d84       _GetSaveFileNameA@4        00429d84 f   comdlg32:comdlg32.dll
 0001:00028d8a       _ChooseColorA@4            00429d8a f   comdlg32:comdlg32.dll
 0001:00028d90       _RegCloseKey@4             00429d90 f   advapi32:ADVAPI32.dll
 0001:00028d96       _RegSetValueExA@24         00429d96 f   advapi32:ADVAPI32.dll
 0001:00028d9c       _RegCreateKeyExA@36        00429d9c f   advapi32:ADVAPI32.dll
 0001:00028da2       _RegDeleteKeyA@8           00429da2 f   advapi32:ADVAPI32.dll
 0001:00028da8       _RegQueryValueExA@24       00429da8 f   advapi32:ADVAPI32.dll
 0001:00028dae       _ShellExecuteA@24          00429dae f   shell32:SHELL32.dll
 0001:00028db4       _InitCommonControlsEx@4    00429db4 f   comctl32:COMCTL32.dll
 0001:00028dba       _CreateStatusWindowA@16    00429dba f   comctl32:COMCTL32.dll
 0001:00028dc0       __chkesp                   00429dc0 f   LIBCD:chkesp.obj
 0001:00028e00       __onexit                   00429e00 f   LIBCD:onexit.obj
 0001:00028eb0       _atexit                    00429eb0 f   LIBCD:onexit.obj
 0001:00028ed0       ___onexitinit              00429ed0 f   LIBCD:onexit.obj
 0001:00028f20       ?_JumpToContinuation@@YGXPAXPAUEHRegistrationNode@@@Z 00429f20 f   LIBCD:trnsctrl.obj
 0001:00028f60       ?_CallMemberFunction0@@YGXPAX0@Z 00429f60 f   LIBCD:trnsctrl.obj
 0001:00028f70       ?_CallMemberFunction1@@YGXPAX00@Z 00429f70 f   LIBCD:trnsctrl.obj
 0001:00028f80       ?_CallMemberFunction2@@YGXPAX00H@Z 00429f80 f   LIBCD:trnsctrl.obj
 0001:00028f90       ?_UnwindNestedFrames@@YGXPAUEHRegistrationNode@@PAUEHExceptionRecord@@@Z 00429f90 f   LIBCD:trnsctrl.obj
 0001:00028ff0       ___CxxFrameHandler         00429ff0 f   LIBCD:trnsctrl.obj
 0001:00029030       ___CxxLongjmpUnwind@4      0042a030 f   LIBCD:trnsctrl.obj
 0001:00029060       ?_CallCatchBlock2@@YAPAXPAUEHRegistrationNode@@PBU_s_FuncInfo@@PAXHK@Z 0042a060 f   LIBCD:trnsctrl.obj
 0001:00029110       ?_CallSETranslator@@YAHPAUEHExceptionRecord@@PAUEHRegistrationNode@@PAX2PBU_s_FuncInfo@@H1@Z 0042a110 f   LIBCD:trnsctrl.obj
 0001:00029270       ?_GetRangeOfTrysToCheck@@YAPBU_s_TryBlockMapEntry@@PBU_s_FuncInfo@@HHPAI1@Z 0042a270 f   LIBCD:trnsctrl.obj
 0001:00029300       __global_unwind2           0042a300 f   LIBCD:exsup.obj
 0001:00029342       __local_unwind2            0042a342 f   LIBCD:exsup.obj
 0001:0002939a       __NLG_Return2              0042a39a f   LIBCD:exsup.obj
 0001:000293aa       __abnormal_termination     0042a3aa f   LIBCD:exsup.obj
 0001:000293cd       __NLG_Notify1              0042a3cd f   LIBCD:exsup.obj
 0001:000293d6       __NLG_Notify               0042a3d6 f   LIBCD:exsup.obj
 0001:000293e9       __NLG_Dispatch             0042a3e9 f   LIBCD:exsup.obj
 0001:000293f0       _isalpha                   0042a3f0 f   LIBCD:_ctype.obj
 0001:00029440       _isupper                   0042a440 f   LIBCD:_ctype.obj
 0001:00029480       _islower                   0042a480 f   LIBCD:_ctype.obj
 0001:000294c0       _isdigit                   0042a4c0 f   LIBCD:_ctype.obj
 0001:00029500       _isxdigit                  0042a500 f   LIBCD:_ctype.obj
 0001:00029550       _isspace                   0042a550 f   LIBCD:_ctype.obj
 0001:00029590       _ispunct                   0042a590 f   LIBCD:_ctype.obj
 0001:000295d0       _isalnum                   0042a5d0 f   LIBCD:_ctype.obj
 0001:00029620       _isprint                   0042a620 f   LIBCD:_ctype.obj
 0001:00029670       _isgraph                   0042a670 f   LIBCD:_ctype.obj
 0001:000296c0       _iscntrl                   0042a6c0 f   LIBCD:_ctype.obj
 0001:00029700       ___isascii                 0042a700 f   LIBCD:_ctype.obj
 0001:00029710       ___toascii                 0042a710 f   LIBCD:_ctype.obj
 0001:00029720       ___iscsymf                 0042a720 f   LIBCD:_ctype.obj
 0001:00029780       ___iscsym                  0042a780 f   LIBCD:_ctype.obj
 0001:000297e0       _strlen                    0042a7e0 f   LIBCD:strlen.obj
 0001:00029860       ??2@YAPAXI@Z               0042a860 f   LIBCD:new.obj
 0001:00029880       ??3@YAXPAX@Z               0042a880 f   LIBCD:dbgdel.obj
 0001:00029910       _strcpy                    0042a910 f   LIBCD:strcat.obj
 0001:00029920       _strcat                    0042a920 f   LIBCD:strcat.obj
 0001:00029a00       _sprintf                   0042aa00 f   LIBCD:sprintf.obj
 0001:00029b00       _strncat                   0042ab00 f   LIBCD:strncat.obj
 0001:00029c30       __alloca_probe             0042ac30 f   LIBCD:chkstk.obj
 0001:00029c30       __chkstk                   0042ac30 f   LIBCD:chkstk.obj
 0001:00029c60       _strcmp                    0042ac60 f   LIBCD:strcmp.obj
 0001:00029cf0       _memset                    0042acf0 f   LIBCD:memset.obj
 0001:00029d50       __fpmath                   0042ad50 f   LIBCD:fpinit.obj
 0001:00029d80       __fpclear                  0042ad80 f   LIBCD:fpinit.obj
 0001:00029d90       __cfltcvt_init             0042ad90 f   LIBCD:fpinit.obj
 0001:00029de0       ___setfflag                0042ade0 f   LIBCD:fpinit.obj
 0001:00029dfc       __ftol                     0042adfc f   LIBCD:ftol.obj
 0001:00029e30       _sscanf                    0042ae30 f   LIBCD:sscanf.obj
 0001:00029ef0       _qsort                     0042aef0 f   LIBCD:qsort.obj
 0001:0002a1f0       ??_L@YGXPAXIHP6EX0@Z1@Z    0042b1f0 f   LIBCD:ehvecctr.obj
 0001:0002a290       ??_M@YGXPAXIHP6EX0@Z@Z     0042b290 f   LIBCD:ehvecdtr.obj
 0001:0002a340       ?__ArrayUnwind@@YGXPAXIHP6EX0@Z@Z 0042b340 f   LIBCD:ehvecdtr.obj
 0001:0002a3f0       _WinMainCRTStartup         0042b3f0 f   LIBCD:wincrt0.obj
 0001:0002a550       __amsg_exit                0042b550 f   LIBCD:wincrt0.obj
 0001:0002a5b0       __CrtDbgBreak              0042b5b0 f   LIBCD:dbgrpt.obj
 0001:0002a5c0       __CrtSetReportMode         0042b5c0 f   LIBCD:dbgrpt.obj
 0001:0002a620       __CrtSetReportFile         0042b620 f   LIBCD:dbgrpt.obj
 0001:0002a6a0       __CrtSetReportHook         0042b6a0 f   LIBCD:dbgrpt.obj
 0001:0002a6c0       __CrtDbgReport             0042b6c0 f   LIBCD:dbgrpt.obj
 0001:0002ad60       _malloc                    0042bd60 f   LIBCD:dbgheap.obj
 0001:0002ad80       __malloc_dbg               0042bd80 f   LIBCD:dbgheap.obj
 0001:0002adb0       __nh_malloc                0042bdb0 f   LIBCD:dbgheap.obj
 0001:0002add0       __nh_malloc_dbg            0042bdd0 f   LIBCD:dbgheap.obj
 0001:0002ae20       __heap_alloc               0042be20 f   LIBCD:dbgheap.obj
 0001:0002ae40       __heap_alloc_dbg           0042be40 f   LIBCD:dbgheap.obj
 0001:0002b160       _calloc                    0042c160 f   LIBCD:dbgheap.obj
 0001:0002b180       __calloc_dbg               0042c180 f   LIBCD:dbgheap.obj
 0001:0002b1e0       _realloc                   0042c1e0 f   LIBCD:dbgheap.obj
 0001:0002b200       __realloc_dbg              0042c200 f   LIBCD:dbgheap.obj
 0001:0002b750       __expand                   0042c750 f   LIBCD:dbgheap.obj
 0001:0002b770       __expand_dbg               0042c770 f   LIBCD:dbgheap.obj
 0001:0002b7a0       _free                      0042c7a0 f   LIBCD:dbgheap.obj
 0001:0002b7c0       __free_dbg                 0042c7c0 f   LIBCD:dbgheap.obj
 0001:0002bbb0       __msize                    0042cbb0 f   LIBCD:dbgheap.obj
 0001:0002bbd0       __msize_dbg                0042cbd0 f   LIBCD:dbgheap.obj
 0001:0002bd20       __CrtSetBreakAlloc         0042cd20 f   LIBCD:dbgheap.obj
 0001:0002bd40       __CrtSetDbgBlockType       0042cd40 f   LIBCD:dbgheap.obj
 0001:0002bdd0       __CrtSetAllocHook          0042cdd0 f   LIBCD:dbgheap.obj
 0001:0002be80       __CrtCheckMemory           0042ce80 f   LIBCD:dbgheap.obj
 0001:0002c1e0       __CrtSetDbgFlag            0042d1e0 f   LIBCD:dbgheap.obj
 0001:0002c210       __CrtDoForAllClientObjects 0042d210 f   LIBCD:dbgheap.obj
 0001:0002c270       __CrtIsValidPointer        0042d270 f   LIBCD:dbgheap.obj
 0001:0002c2c0       __CrtIsValidHeapPointer    0042d2c0 f   LIBCD:dbgheap.obj
 0001:0002c350       __CrtIsMemoryBlock         0042d350 f   LIBCD:dbgheap.obj
 0001:0002c420       __CrtSetDumpClient         0042d420 f   LIBCD:dbgheap.obj
 0001:0002c440       __CrtMemCheckpoint         0042d440 f   LIBCD:dbgheap.obj
 0001:0002c5a0       __CrtMemDifference         0042d5a0 f   LIBCD:dbgheap.obj
 0001:0002c6d0       __CrtMemDumpAllObjectsSince 0042d6d0 f   LIBCD:dbgheap.obj
 0001:0002caa0       __CrtDumpMemoryLeaks       0042daa0 f   LIBCD:dbgheap.obj
 0001:0002cb20       __CrtMemDumpStatistics     0042db20 f   LIBCD:dbgheap.obj
 0001:0002cbf0       __cinit                    0042dbf0 f   LIBCD:crt0dat.obj
 0001:0002cc30       _exit                      0042dc30 f   LIBCD:crt0dat.obj
 0001:0002cc50       __exit                     0042dc50 f   LIBCD:crt0dat.obj
 0001:0002cc70       __cexit                    0042dc70 f   LIBCD:crt0dat.obj
 0001:0002cc90       __c_exit                   0042dc90 f   LIBCD:crt0dat.obj
 0001:0002cdc0       ___InternalCxxFrameHandler 0042ddc0 f   LIBCD:frame.obj
 0001:0002d330       ___FrameUnwindToState      0042e330 f   LIBCD:frame.obj
 0001:0002d940       ?_DestructExceptionObject@@YAXPAUEHExceptionRecord@@E@Z 0042e940 f   LIBCD:frame.obj
 0001:0002da20       __CallSettingFrame@12      0042ea20 f   LIBCD:lowhelpr.obj
 0001:0002da47       __NLG_Return               0042ea47 f   LIBCD:lowhelpr.obj
 0001:0002da70       ?terminate@@YAXXZ          0042ea70 f   LIBCD:hooks.obj
 0001:0002db00       ?unexpected@@YAXXZ         0042eb00 f   LIBCD:hooks.obj
 0001:0002db20       ?_inconsistency@@YAXXZ     0042eb20 f   LIBCD:hooks.obj
 0001:0002dbb0       __isctype                  0042ebb0 f   LIBCD:isctype.obj
 0001:0002dc70       __flsbuf                   0042ec70 f   LIBCD:_flsbuf.obj
 0001:0002def0       __output                   0042eef0 f   LIBCD:output.obj
 0001:0002ed90       __setdefaultprecision      0042fd90 f   LIBCD:fp8.obj
 0001:0002edb0       __ms_p5_test_fdiv          0042fdb0 f   LIBCD:testfdiv.obj
 0001:0002ee10       __ms_p5_mp_test_fdiv       0042fe10 f   LIBCD:testfdiv.obj
 0001:0002ee60       __forcdecpt                0042fe60 f   LIBCD:cvt.obj
 0001:0002ef10       __cropzeros                0042ff10 f   LIBCD:cvt.obj
 0001:0002eff0       __positive                 0042fff0 f   LIBCD:cvt.obj
 0001:0002f020       __fassign                  00430020 f   LIBCD:cvt.obj
 0001:0002f070       __cftoe                    00430070 f   LIBCD:cvt.obj
 0001:0002f230       __cftof                    00430230 f   LIBCD:cvt.obj
 0001:0002f3c0       __cftog                    004303c0 f   LIBCD:cvt.obj
 0001:0002f530       __cfltcvt                  00430530 f   LIBCD:cvt.obj
 0001:0002f5c0       __input                    004305c0 f   LIBCD:input.obj
 0001:00030ac4       __except_handler3          00431ac4 f   LIBCD:exsup3.obj
 0001:00030b81       __seh_longjmp_unwind@4     00431b81 f   LIBCD:exsup3.obj
 0001:00030ba0       __XcptFilter               00431ba0 f   LIBCD:winxfltr.obj
 0001:00030db0       __wincmdln                 00431db0 f   LIBCD:wincmdln.obj
 0001:00030e70       __setenvp                  00431e70 f   LIBCD:stdenvp.obj
 0001:00030fc0       __setargv                  00431fc0 f   LIBCD:stdargv.obj
 0001:000314d0       ___crtGetEnvironmentStringsA 004324d0 f   LIBCD:a_env.obj
 0001:000316f0       __ioinit                   004326f0 f   LIBCD:ioinit.obj
 0001:00031a00       __ioterm                   00432a00 f   LIBCD:ioinit.obj
 0001:00031a60       __heap_init                00432a60 f   LIBCD:heapinit.obj
 0001:00031ab0       __heap_term                00432ab0 f   LIBCD:heapinit.obj
 0001:00031b50       __FF_MSGBANNER             00432b50 f   LIBCD:crt0msg.obj
 0001:00031ba0       __NMSG_WRITE               00432ba0 f   LIBCD:crt0msg.obj
 0001:00031d60       __GET_RTERRMSG             00432d60 f   LIBCD:crt0msg.obj
 0001:00031db0       __itoa                     00432db0 f   LIBCD:xtoa.obj
 0001:00031ed0       __ltoa                     00432ed0 f   LIBCD:xtoa.obj
 0001:00031f10       __ultoa                    00432f10 f   LIBCD:xtoa.obj
 0001:00031f30       __i64toa                   00432f30 f   LIBCD:xtoa.obj
 0001:00032080       __ui64toa                  00433080 f   LIBCD:xtoa.obj
 0001:000320a0       __snprintf                 004330a0 f   LIBCD:snprintf.obj
 0001:000321a0       __vsnprintf                004331a0 f   LIBCD:vsnprint.obj
 0001:000322a0       _signal                    004332a0 f   LIBCD:winsig.obj
 0001:000324b0       _raise                     004334b0 f   LIBCD:winsig.obj
 0001:000326d0       ___crtMessageBoxA          004336d0 f   LIBCD:crtmbox.obj
 0001:00032790       _strncpy                   00433790 f   LIBCD:strncpy.obj
 0001:00032890       ?_set_new_handler@@YAP6AHI@ZP6AHI@Z@Z 00433890 f   LIBCD:handler.obj
 0001:000328b0       ?_query_new_handler@@YAP6AHI@ZXZ 004338b0 f   LIBCD:handler.obj
 0001:000328c0       __callnewh                 004338c0 f   LIBCD:handler.obj
 0001:000328f0       __malloc_base              004338f0 f   LIBCD:malloc.obj
 0001:00032910       __nh_malloc_base           00433910 f   LIBCD:malloc.obj
 0001:00032970       __heap_alloc_base          00433970 f   LIBCD:malloc.obj
 0001:000329d0       __CrtDefaultAllocHook      004339d0 f   LIBCD:dbghook.obj
 0001:000329e0       __expand_base              004339e0 f   LIBCD:expand.obj
 0001:00032a70       __realloc_base             00433a70 f   LIBCD:realloc.obj
 0001:00032c40       __free_base                00433c40 f   LIBCD:free.obj
 0001:00032c90       __heapchk                  00433c90 f   LIBCD:heapchk.obj
 0001:00032cf0       __heapset                  00433cf0 f   LIBCD:heapchk.obj
 0001:00032d00       __get_sbh_threshold        00433d00 f   LIBCD:sbheap.obj
 0001:00032d10       __set_sbh_threshold        00433d10 f   LIBCD:sbheap.obj
 0001:00032d30       ___sbh_heap_init           00433d30 f   LIBCD:sbheap.obj
 0001:00032d90       ___sbh_find_block          00433d90 f   LIBCD:sbheap.obj
 0001:00032df0       ___sbh_verify_block        00433df0 f   LIBCD:sbheap.obj
 0001:00032e50       ___sbh_free_block          00433e50 f   LIBCD:sbheap.obj
 0001:00033420       ___sbh_alloc_block         00434420 f   LIBCD:sbheap.obj
 0001:00033960       ___sbh_alloc_new_region    00434960 f   LIBCD:sbheap.obj
 0001:00033a70       ___sbh_alloc_new_group     00434a70 f   LIBCD:sbheap.obj
 0001:00033c60       ___sbh_resize_block        00434c60 f   LIBCD:sbheap.obj
 0001:00034250       ___sbh_heapmin             00435250 f   LIBCD:sbheap.obj
 0001:00034380       ___sbh_heap_check          00435380 f   LIBCD:sbheap.obj
 0001:000349a0       ?__CxxUnhandledExceptionFilter@@YGJPAU_EXCEPTION_POINTERS@@@Z 004359a0 f   LIBCD:unhandld.obj
 0001:00034a00       ?__CxxSetUnhandledExceptionFilter@@YAXXZ 00435a00 f   LIBCD:unhandld.obj
 0001:00034a20       ?__CxxRestoreUnhandledExceptionFilter@@YAXXZ 00435a20 f   LIBCD:unhandld.obj
 0001:00034a40       ?_ValidateRead@@YAHPBXI@Z  00435a40 f   LIBCD:validate.obj
 0001:00034a70       ?_ValidateWrite@@YAHPAXI@Z 00435a70 f   LIBCD:validate.obj
 0001:00034aa0       ?_ValidateExecute@@YAHP6GHXZ@Z 00435aa0 f   LIBCD:validate.obj
 0001:00034ad0       _memmove                   00435ad0 f   LIBCD:memmove.obj
 0001:00034e10       _abort                     00435e10 f   LIBCD:abort.obj
 0001:00034e30       ___crtGetStringTypeA       00435e30 f   LIBCD:a_str.obj
 0001:00034ff0       __lseek                    00435ff0 f   LIBCD:lseek.obj
 0001:000350e0       __write                    004360e0 f   LIBCD:write.obj
 0001:00035390       __getbuf                   00436390 f   LIBCD:_getbuf.obj
 0001:00035460       __isatty                   00436460 f   LIBCD:isatty.obj
 0001:00035490       ___initstdio               00436490 f   LIBCD:_file.obj
 0001:000355c0       ___endstdio                004365c0 f   LIBCD:_file.obj
 0001:000355e0       _wctomb                    004365e0 f   LIBCD:wctomb.obj
 0001:00035680       __aulldiv                  00436680 f   LIBCD:ulldiv.obj
 0001:000356f0       __aullrem                  004366f0 f   LIBCD:ullrem.obj
 0001:00035770       __statusfp                 00436770 f   LIBCD:ieee87.obj
 0001:00035790       __clearfp                  00436790 f   LIBCD:ieee87.obj
 0001:000357b0       __control87                004367b0 f   LIBCD:ieee87.obj
 0001:00035800       __controlfp                00436800 f   LIBCD:ieee87.obj
 0001:00035820       __fpreset                  00436820 f   LIBCD:ieee87.obj
 0001:00035c10       __tolower                  00436c10 f   LIBCD:tolower.obj
 0001:00035c20       _tolower                   00436c20 f   LIBCD:tolower.obj
 0001:00035d50       __ZeroTail                 00436d50 f   LIBCD:intrncvt.obj
 0001:00035de0       __IncMan                   00436de0 f   LIBCD:intrncvt.obj
 0001:00035e90       __RoundMan                 00436e90 f   LIBCD:intrncvt.obj
 0001:00035f70       __CopyMan                  00436f70 f   LIBCD:intrncvt.obj
 0001:00035fc0       __FillZeroMan              00436fc0 f   LIBCD:intrncvt.obj
 0001:00035ff0       __IsZeroMan                00436ff0 f   LIBCD:intrncvt.obj
 0001:00036030       __ShrMan                   00437030 f   LIBCD:intrncvt.obj
 0001:00036120       __ld12cvt                  00437120 f   LIBCD:intrncvt.obj
 0001:00036370       __ld12tod                  00437370 f   LIBCD:intrncvt.obj
 0001:00036390       __ld12tof                  00437390 f   LIBCD:intrncvt.obj
 0001:000363b0       __ld12told                 004373b0 f   LIBCD:intrncvt.obj
 0001:00036470       __atodbl                   00437470 f   LIBCD:intrncvt.obj
 0001:000364b0       __atoldbl                  004374b0 f   LIBCD:intrncvt.obj
 0001:000364f0       __atoflt                   004374f0 f   LIBCD:intrncvt.obj
 0001:00036530       __fptostr                  00437530 f   LIBCD:_fptostr.obj
 0001:00036630       __fltout                   00437630 f   LIBCD:cfout.obj
 0001:000366b0       ___dtold                   004376b0 f   LIBCD:cfout.obj
 0001:00036820       __fptrap                   00437820 f   LIBCD:crt0fp.obj
 0001:00036830       _mbtowc                    00437830 f   LIBCD:mbtowc.obj
 0001:00036990       __allshl                   00437990 f   LIBCD:llshl.obj
 0001:000369b0       __filbuf                   004379b0 f   LIBCD:_filbuf.obj
 0001:00036b90       _ungetc                    00437b90 f   LIBCD:ungetc.obj
 0001:00036cd0       __ismbbkalnum              00437cd0 f   LIBCD:ismbbyte.obj
 0001:00036cf0       __ismbbkprint              00437cf0 f   LIBCD:ismbbyte.obj
 0001:00036d10       __ismbbkpunct              00437d10 f   LIBCD:ismbbyte.obj
 0001:00036d30       __ismbbalnum               00437d30 f   LIBCD:ismbbyte.obj
 0001:00036d50       __ismbbalpha               00437d50 f   LIBCD:ismbbyte.obj
 0001:00036d70       __ismbbgraph               00437d70 f   LIBCD:ismbbyte.obj
 0001:00036d90       __ismbbprint               00437d90 f   LIBCD:ismbbyte.obj
 0001:00036db0       __ismbbpunct               00437db0 f   LIBCD:ismbbyte.obj
 0001:00036dd0       __ismbblead                00437dd0 f   LIBCD:ismbbyte.obj
 0001:00036df0       __ismbbtrail               00437df0 f   LIBCD:ismbbyte.obj
 0001:00036e10       __ismbbkana                00437e10 f   LIBCD:ismbbyte.obj
 0001:00036ec0       __setmbcp                  00437ec0 f   LIBCD:mbctype.obj
 0001:00037630       __getmbcp                  00438630 f   LIBCD:mbctype.obj
 0001:00037650       ___initmbctable            00438650 f   LIBCD:mbctype.obj
 0001:00037680       _memcpy                    00438680 f   LIBCD:memcpy.obj
 0001:000379c0       __dosmaperr                004389c0 f   LIBCD:dosmap.obj
 0001:00037a50       __alloc_osfhnd             00438a50 f   LIBCD:osfinfo.obj
 0001:00037b80       __set_osfhnd               00438b80 f   LIBCD:osfinfo.obj
 0001:00037c30       __free_osfhnd              00438c30 f   LIBCD:osfinfo.obj
 0001:00037d00       __get_osfhandle            00438d00 f   LIBCD:osfinfo.obj
 0001:00037d60       __open_osfhandle           00438d60 f   LIBCD:osfinfo.obj
 0001:00037e50       __fcloseall                00438e50 f   LIBCD:closeall.obj
 0001:00037f00       _fflush                    00438f00 f   LIBCD:fflush.obj
 0001:00037f60       __flush                    00438f60 f   LIBCD:fflush.obj
 0001:00038020       __flushall                 00439020 f   LIBCD:fflush.obj
 0001:00038110       ___crtLCMapStringA         00439110 f   LIBCD:a_map.obj
 0001:00038470       ___addl                    00439470 f   LIBCD:mantold.obj
 0001:000384b0       ___add_12                  004394b0 f   LIBCD:mantold.obj
 0001:00038560       ___shl_12                  00439560 f   LIBCD:mantold.obj
 0001:000385c0       ___shr_12                  004395c0 f   LIBCD:mantold.obj
 0001:00038630       ___mtold12                 00439630 f   LIBCD:mantold.obj
 0001:00038770       ___strgtold12              00439770 f   LIBCD:strgtold.obj
 0001:000392a0       ___STRINGTOLD              0043a2a0 f   LIBCD:strgtold.obj
 0001:000392f0       _$I10_OUTPUT               0043a2f0 f   LIBCD:x10fout.obj
 0001:00039810       __read                     0043a810 f   LIBCD:read.obj
 0001:00039c70       _fclose                    0043ac70 f   LIBCD:fclose.obj
 0001:00039d50       __commit                   0043ad50 f   LIBCD:commit.obj
 0001:00039e00       ___ld12mul                 0043ae00 f   LIBCD:tenpow.obj
 0001:0003a240       ___multtenpow12            0043b240 f   LIBCD:tenpow.obj
 0001:0003a310       __close                    0043b310 f   LIBCD:close.obj
 0001:0003a400       __freebuf                  0043b400 f   LIBCD:_freebuf.obj
 0001:0003a4a0       _RtlUnwind@16              0043b4a0 f   kernel32:KERNEL32.dll
 0001:0003a4a6       _GetModuleHandleA@4        0043b4a6 f   kernel32:KERNEL32.dll
 0001:0003a4ac       _GetStartupInfoA@4         0043b4ac f   kernel32:KERNEL32.dll
 0001:0003a4b2       _GetCommandLineA@0         0043b4b2 f   kernel32:KERNEL32.dll
 0001:0003a4b8       _GetVersion@0              0043b4b8 f   kernel32:KERNEL32.dll
 0001:0003a4be       _ExitProcess@4             0043b4be f   kernel32:KERNEL32.dll
 0001:0003a4c4       _DebugBreak@0              0043b4c4 f   kernel32:KERNEL32.dll
 0001:0003a4ca       _GetStdHandle@4            0043b4ca f   kernel32:KERNEL32.dll
 0001:0003a4d0       _InterlockedDecrement@4    0043b4d0 f   kernel32:KERNEL32.dll
 0001:0003a4d6       _OutputDebugStringA@4      0043b4d6 f   kernel32:KERNEL32.dll
 0001:0003a4dc       _GetProcAddress@8          0043b4dc f   kernel32:KERNEL32.dll
 0001:0003a4e2       _LoadLibraryA@4            0043b4e2 f   kernel32:KERNEL32.dll
 0001:0003a4e8       _InterlockedIncrement@4    0043b4e8 f   kernel32:KERNEL32.dll
 0001:0003a4ee       _GetModuleFileNameA@12     0043b4ee f   kernel32:KERNEL32.dll
 0001:0003a4f4       _IsBadWritePtr@8           0043b4f4 f   kernel32:KERNEL32.dll
 0001:0003a4fa       _IsBadReadPtr@8            0043b4fa f   kernel32:KERNEL32.dll
 0001:0003a500       _HeapValidate@12           0043b500 f   kernel32:KERNEL32.dll
 0001:0003a506       _TerminateProcess@8        0043b506 f   kernel32:KERNEL32.dll
 0001:0003a50c       _GetCurrentProcess@0       0043b50c f   kernel32:KERNEL32.dll
 0001:0003a512       _UnhandledExceptionFilter@4 0043b512 f   kernel32:KERNEL32.dll
 0001:0003a518       _FreeEnvironmentStringsA@4 0043b518 f   kernel32:KERNEL32.dll
 0001:0003a51e       _FreeEnvironmentStringsW@4 0043b51e f   kernel32:KERNEL32.dll
 0001:0003a524       _GetEnvironmentStrings@0   0043b524 f   kernel32:KERNEL32.dll
 0001:0003a52a       _GetEnvironmentStringsW@0  0043b52a f   kernel32:KERNEL32.dll
 0001:0003a530       _SetHandleCount@4          0043b530 f   kernel32:KERNEL32.dll
 0001:0003a536       _HeapDestroy@4             0043b536 f   kernel32:KERNEL32.dll
 0001:0003a53c       _HeapCreate@12             0043b53c f   kernel32:KERNEL32.dll
 0001:0003a542       _HeapFree@12               0043b542 f   kernel32:KERNEL32.dll
 0001:0003a548       _VirtualFree@12            0043b548 f   kernel32:KERNEL32.dll
 0001:0003a54e       _SetConsoleCtrlHandler@8   0043b54e f   kernel32:KERNEL32.dll
 0001:0003a554       _HeapAlloc@12              0043b554 f   kernel32:KERNEL32.dll
 0001:0003a55a       _HeapReAlloc@16            0043b55a f   kernel32:KERNEL32.dll
 0001:0003a560       _VirtualAlloc@16           0043b560 f   kernel32:KERNEL32.dll
 0001:0003a566       _SetUnhandledExceptionFilter@4 0043b566 f   kernel32:KERNEL32.dll
 0001:0003a56c       _IsBadCodePtr@4            0043b56c f   kernel32:KERNEL32.dll
 0001:0003a572       _MultiByteToWideChar@24    0043b572 f   kernel32:KERNEL32.dll
 0001:0003a578       _GetStringTypeA@20         0043b578 f   kernel32:KERNEL32.dll
 0001:0003a57e       _GetStringTypeW@16         0043b57e f   kernel32:KERNEL32.dll
 0001:0003a584       _GetCPInfo@8               0043b584 f   kernel32:KERNEL32.dll
 0001:0003a58a       _GetACP@0                  0043b58a f   kernel32:KERNEL32.dll
 0001:0003a590       _GetOEMCP@0                0043b590 f   kernel32:KERNEL32.dll
 0001:0003a596       _SetStdHandle@8            0043b596 f   kernel32:KERNEL32.dll
 0001:0003a59c       _LCMapStringA@24           0043b59c f   kernel32:KERNEL32.dll
 0001:0003a5a2       _LCMapStringW@24           0043b5a2 f   kernel32:KERNEL32.dll
 0001:0003a5a8       _FlushFileBuffers@4        0043b5a8 f   kernel32:KERNEL32.dll
 0001:0003a5b0       _strnicmp                  0043b5b0 f   LIBCD:strnicmp.obj
 0001:0003a5b0       __strnicmp                 0043b5b0 f   LIBCD:strnicmp.obj
 0002:0000001c       ??_C@_02NNPM@?3?3?$AA@     0043d01c     Common.obj
 0002:00000020       ??_C@_04FHHA@uint?$AA@     0043d020     Common.obj
 0002:00000028       ??_C@_04LHCN@long?$AA@     0043d028     Common.obj
 0002:00000030       ??_C@_04BMNE@void?$AA@     0043d030     Common.obj
 0002:00000038       ??_C@_04KENI@char?$AA@     0043d038     Common.obj
 0002:00000040       ??_C@_03EMIM@int?$AA@      0043d040     Common.obj
 0002:00000044       ??_C@_05LDKD@$bnew?$AA@    0043d044     Common.obj
 0002:0000004c       ??_C@_06HOGO@$bdele?$AA@   0043d04c     Common.obj
 0002:00000054       ??_C@_03IDPP@new?$AA@      0043d054     Common.obj
 0002:00000058       ??_C@_05KCFN@$bnwa?$AA@    0043d058     Common.obj
 0002:00000060       ??_C@_06IDPA@delete?$AA@   0043d060     Common.obj
 0002:00000068       ??_C@_05HCMH@$bdla?$AA@    0043d068     Common.obj
 0002:00000070       ??_C@_05PLPD@$bdtr?$AA@    0043d070     Common.obj
 0002:00000078       ??_C@_05EFJC@$bctr?$AA@    0043d078     Common.obj
 0002:00000080       ??_C@_0CA@IDNE@Borg?5Disassembler?5?9?5Select?5File?$AA@ 0043d080     Common.obj
 0002:000000a0       ??_C@_0BL@LFMI@Borg?5Disassembler?5v?$CF0d?4?$CF2d?$AA@ 0043d0a0     Dasm.obj
 0002:000000bc       ??_C@_0P@LFLB@No?5File?5Loaded?$AA@ 0043d0bc     Dasm.obj
 0002:000000cc       ??_C@_0EL@KBIO@Are?5you?5sure?5that?5you?5want?5to?5ex@ 0043d0cc     Dasm.obj
 0002:00000118       ??_C@_0BC@KHFI@Borg?5Disassembler?$AA@ 0043d118     Dasm.obj
 0002:0000012c       ??_C@_0BF@MEK@Processing?5Completed?$AA@ 0043d12c     Dasm.obj
 0002:00000144       ??_C@_0CF@HEKF@There?5are?5still?5items?5to?5process@ 0043d144     Dasm.obj
 0002:0000016c       ??_C@_0N@HKJI@Borg?5Warning?$AA@ 0043d16c     Dasm.obj
 0002:0000017c       ??_C@_0BG@GKAJ@Items?5to?5Process?5?3?$CFlu?$AA@ 0043d17c     Dasm.obj
 0002:00000194       ??_C@_0M@HLIB@Courier?5New?$AA@ 0043d194     Dasm.obj
 0002:000001a0       ??_7dataseg@@6B@           0043d1a0     Data.obj
 0002:000001a8       ??_C@_0BI@JGMD@?5reduced?5to?5size?5?3?$CF04lx?$AA@ 0043d1a8     Data.obj
 0002:000001c0       ??_C@_0CA@MOII@Warning?5?3?5Segment?5overlap?5?$CF04lx?$AA@ 0043d1c0     Data.obj
 0002:000001e0       ??_C@_0N@POAO@?5size?5?3?$CF04lx?$AA@ 0043d1e0     Data.obj
 0002:000001f0       ??_C@_06CDK@?3?$CF04lx?$AA@ 0043d1f0     Data.obj
 0002:000001f8       ??_C@_0CJ@HIOJ@Warning?5?3?5Unable?5to?5create?5segme@ 0043d1f8     Data.obj
 0002:00000224       ??_C@_03DHMP@?5?3?5?$AA@   0043d224     Data.obj
 0002:00000228       ??_C@_07PCHH@Unknown?$AA@  0043d228     Data.obj
 0002:00000230       ??_C@_0P@NGNP@Resource?5Data?5?$AA@ 0043d230     Data.obj
 0002:00000240       ??_C@_0L@DNLC@Debug?5Data?$AA@ 0043d240     Data.obj
 0002:0000024c       ??_C@_0M@FGDN@Uninit?5Data?$AA@ 0043d24c     Data.obj
 0002:00000258       ??_C@_0M@GMFN@32?9bit?5Data?$AA@ 0043d258     Data.obj
 0002:00000264       ??_C@_0M@IGEL@16?9bit?5Data?$AA@ 0043d264     Data.obj
 0002:00000270       ??_C@_0M@CKNE@32?9bit?5Code?$AA@ 0043d270     Data.obj
 0002:0000027c       ??_C@_0M@MAMC@16?9bit?5Code?$AA@ 0043d27c     Data.obj
 0002:00000288       ??_C@_0BD@FBKJ@?5?5?5?5?5Size?5?3?5?$CF02lxh?$AA@ 0043d288     Data.obj
 0002:0000029c       ??_C@_0BF@MCEP@?5?5?5?5?5Offset?5?3?5?$CF02lxh?$AA@ 0043d29c     Data.obj
 0002:000002b4       ??_C@_0BB@LGOH@Segment?5?3?5?$CF02lxh?$AA@ 0043d2b4     Data.obj
 0002:000002c8       ??_C@_0EI@FCIA@?9?9?9?9?9?9?9?9?9?9?9?9?9?9?9?9?9?9?9?9?9?9?9?9?9?9?9?9?9?9?9?9@ 0043d2c8     Data.obj
 0002:00000310       ??_7?$slist@PAUdsegitem@@@@6B@ 0043d310     Data.obj
 0002:00000318       ??_C@_0BP@FDFH@Decryptors?3File?5write?5failed?5?$DP?$AA@ 0043d318     database.obj
 0002:00000338       ??_C@_0BN@PCKM@Database?3File?5write?5failed?5?$DP?$AA@ 0043d338     database.obj
 0002:00000358       ??_C@_0BK@EIOP@Xrefs?3File?5write?5failed?5?$DP?$AA@ 0043d358     database.obj
 0002:00000374       ??_C@_0BL@OFPI@Relocs?3File?5write?5failed?5?$DP?$AA@ 0043d374     database.obj
 0002:00000390       ??_C@_0BK@IONC@Names?3File?5write?5failed?5?$DP?$AA@ 0043d390     database.obj
 0002:000003ac       ??_C@_0BM@OAJH@Exports?3File?5write?5failed?5?$DP?$AA@ 0043d3ac     database.obj
 0002:000003c8       ??_C@_0BM@GCEF@Imports?3File?5write?5failed?5?$DP?$AA@ 0043d3c8     database.obj
 0002:000003e4       ??_C@_0BN@MBJF@Segments?3File?5write?5failed?5?$DP?$AA@ 0043d3e4     database.obj
 0002:00000404       ??_C@_0BM@BGCK@Exetype?3File?5write?5failed?5?$DP?$AA@ 0043d404     database.obj
 0002:00000420       ??_C@_0BM@IJJL@Options?3File?5write?5failed?5?$DP?$AA@ 0043d420     database.obj
 0002:0000043c       ??_C@_0CD@IGDB@Header?5Info?$FL4?$FN?3File?5write?5failed@ 0043d43c     database.obj
 0002:00000460       ??_C@_0CD@IDMA@Header?5Info?$FL3?$FN?3File?5write?5failed@ 0043d460     database.obj
 0002:00000484       ??_C@_0CD@FJFA@Header?5Info?$FL2?$FN?3File?5write?5failed@ 0043d484     database.obj
 0002:000004a8       ??_C@_0CD@DGOA@Header?5Info?$FL1?$FN?3File?5write?5failed@ 0043d4a8     database.obj
 0002:000004cc       ??_C@_04KICD@BORG?$AA@     0043d4cc     database.obj
 0002:000004d4       ??_C@_0CK@CEK@Fatal?5Error?6Decryptors?3File?5read@ 0043d4d4     database.obj
 0002:00000500       ??_C@_0BM@FOOE@Fatal?5Error?6Relocating?5File?$AA@ 0043d500     database.obj
 0002:0000051c       ??_C@_0CI@OGFN@Fatal?5Error?6Database?3File?5read?5f@ 0043d51c     database.obj
 0002:00000544       ??_C@_0CF@DGPA@Fatal?5Error?6Xrefs?3File?5read?5fail@ 0043d544     database.obj
 0002:0000056c       ??_C@_0CG@GAPF@Fatal?5Error?6Relocs?3File?5read?5fai@ 0043d56c     database.obj
 0002:00000594       ??_C@_0CF@LAF@Fatal?5Error?6Names?3File?5read?5fail@ 0043d594     database.obj
 0002:000005bc       ??_C@_0CH@ODEH@Fatal?5Error?6Exports?3File?5read?5fa@ 0043d5bc     database.obj
 0002:000005e4       ??_C@_0CH@DBDO@Fatal?5Error?6Imports?3File?5read?5fa@ 0043d5e4     database.obj
 0002:0000060c       ??_C@_0CI@NPJA@Fatal?5Error?6Segments?3File?5read?5f@ 0043d60c     database.obj
 0002:00000634       ??_C@_0GG@LALM@Couldn?8t?5obtain?5write?5permission@ 0043d634     database.obj
 0002:0000069c       ??_C@_0N@OFCP@Borg?5Message?$AA@ 0043d69c     database.obj
 0002:000006ac       ??_C@_0BD@LJPP@File?5open?5failed?5?$DP?$AA@ 0043d6ac     database.obj
 0002:000006c0       ??_C@_0EJ@IFJF@Older?5databases?5are?5incompatible@ 0043d6c0     database.obj
 0002:0000070c       ??_C@_0O@GKEM@Prior?5to?52?422?$AA@ 0043d70c     database.obj
 0002:0000071c       ??_C@_0DF@JEGJ@Warning?3earlier?5version?5savefile@ 0043d71c     database.obj
 0002:00000754       ??_C@_0DH@GMHF@Savefile?5from?5a?5later?5version?5?$FLo@ 0043d754     database.obj
 0002:0000078c       ??_C@_0BJ@OEAK@Not?5A?5Borg?5Database?5File?$AA@ 0043d78c     database.obj
 0002:000007a8       ??_C@_0BD@PPNF@File?5read?5failed?5?$DP?$AA@ 0043d7a8     database.obj
 0002:000007bc       ??_C@_0M@OIML@File?5Opened?$AA@ 0043d7bc     database.obj
 0002:000007c8       ??_C@_02PIMC@?$AN?6?$AA@   0043d7c8     DEBUG.OBJ
 0002:000007cc       ??_C@_0BL@GFHH@Debug?5File?5Creation?5Failed?$AA@ 0043d7cc     DEBUG.OBJ
 0002:000007e8       ??_C@_0BI@PELJ@Borg?5Disassembler?5Alert?$AA@ 0043d7e8     DEBUG.OBJ
 0002:00000800       ??_C@_0BF@IAMP@f?3?2borgnew?2debug?4txt?$AA@ 0043d800     DEBUG.OBJ
 0002:00000818       ??_C@_0BD@LDBB@Borg?5Error?5Message?$AA@ 0043d818     DEBUG.OBJ
 0002:0000082c       ??_7decrypt@@6B@           0043d82c     Decrypt.obj
 0002:00000834       ??_7?$slist@PAUdeclist@@@@6B@ 0043d834     Decrypt.obj
 0002:0000083c       ??_7disasm@@6B@            0043d83c     Disasm.obj
 0002:00000844       ??_C@_0M@BJGE@?$FLCombo?5Box?$FN?$AA@ 0043d844     Disasm.obj
 0002:00000850       ??_C@_0N@GMDG@?$FLScroll?5Bar?$FN?$AA@ 0043d850     Disasm.obj
 0002:00000860       ??_C@_0L@FKPL@?$FLList?5Box?$FN?$AA@ 0043d860     Disasm.obj
 0002:0000086c       ??_C@_08HFCK@?$FLStatic?$FN?$AA@ 0043d86c     Disasm.obj
 0002:00000878       ??_C@_06HBGK@?$FLEdit?$FN?$AA@ 0043d878     Disasm.obj
 0002:00000880       ??_C@_08BAID@?$FLButton?$FN?$AA@ 0043d880     Disasm.obj
 0002:0000088c       ??_C@_0M@EHEM@Extra?5Stuff?$AA@ 0043d88c     Disasm.obj
 0002:00000898       ??_C@_04BNNJ@Text?$AA@     0043d898     Disasm.obj
 0002:000008a0       ??_C@_08MLCI@Class?5id?$AA@ 0043d8a0     Disasm.obj
 0002:000008ac       ??_C@_03NJAB@wid?$AA@      0043d8ac     Disasm.obj
 0002:000008b0       ??_C@_04IBNA@font?$AA@     0043d8b0     Disasm.obj
 0002:000008b8       ??_C@_07OOCC@charset?$AA@  0043d8b8     Disasm.obj
 0002:000008c0       ??_C@_06HLAH@italic?$AA@   0043d8c0     Disasm.obj
 0002:000008c8       ??_C@_06PFJF@weight?$AA@   0043d8c8     Disasm.obj
 0002:000008d0       ??_C@_0P@FEL@font?5pointsize?$AA@ 0043d8d0     Disasm.obj
 0002:000008e0       ??_C@_07FMLO@Caption?$AA@  0043d8e0     Disasm.obj
 0002:000008e8       ??_C@_0BD@OGPH@Class?5name?1ordinal?$AA@ 0043d8e8     Disasm.obj
 0002:000008fc       ??_C@_0BC@GEDB@Menu?5name?1ordinal?$AA@ 0043d8fc     Disasm.obj
 0002:00000910       ??_C@_02OEHH@cy?$AA@       0043d910     Disasm.obj
 0002:00000914       ??_C@_02EOOA@cx?$AA@       0043d914     Disasm.obj
 0002:00000918       ??_C@_01KAHP@y?$AA@        0043d918     Disasm.obj
 0002:0000091c       ??_C@_01KOI@x?$AA@         0043d91c     Disasm.obj
 0002:00000920       ??_C@_0BA@BCND@Number?5of?5Items?$AA@ 0043d920     Disasm.obj
 0002:00000930       ??_C@_05JGJE@Style?$AA@    0043d930     Disasm.obj
 0002:00000938       ??_C@_0P@MPOC@Extended?5Style?$AA@ 0043d938     Disasm.obj
 0002:00000948       ??_C@_06EJIL@HelpID?$AA@   0043d948     Disasm.obj
 0002:00000950       ??_C@_0BC@GEMF@Signature?$CLVersion?$AA@ 0043d950     Disasm.obj
 0002:00000964       ??_C@_0O@OPKP@String_ID_?$CFlx?$AA@ 0043d964     Disasm.obj
 0002:00000974       ??_C@_0M@KMOG@indextable_?$AA@ 0043d974     Disasm.obj
 0002:00000980       ??_C@_0N@LFE@indirectref_?$AA@ 0043d980     Disasm.obj
 0002:00000990       ??_C@_0L@MAF@jumptable_?$AA@ 0043d990     Disasm.obj
 0002:0000099c       ??_C@_02MECO@?$CFd?$AA@    0043d99c     Disasm.obj
 0002:000009a0       ??_C@_05IPFI@movzx?$AA@    0043d9a0     Disasm.obj
 0002:000009a8       ??_C@_03EHFC@mov?$AA@      0043d9a8     Disasm.obj
 0002:000009ac       ??_C@_08NELM@loc_?$CF08x?$AA@ 0043d9ac     Disasm.obj
 0002:000009b8       ??_7?$slist@PAUdsmitem@@@@6B@ 0043d9b8     Disasm.obj
 0002:000009c0       __real@4@400cfa00000000000000 0043d9c0     Disio.obj
 0002:000009c4       __real@4@3fff8000000000000000 0043d9c4     Disio.obj
 0002:000009c8       ??_C@_0M@PGCK@?$CF04lx?3?$CF04lx?$AA@ 0043d9c8     Disio.obj
 0002:000009d4       ??_C@_00A@?$AA@            0043d9d4     Disio.obj
 0002:000009d8       ??_C@_0M@COMF@?$CF04lx?3?$CF08lx?$AA@ 0043d9d8     Disio.obj
 0002:000009e4       ??_C@_02GIEM@?0?5?$AA@     0043d9e4     Disio.obj
 0002:000009e8       ??_C@_01PKMN@?$DP?$AA@     0043d9e8     Disio.obj
 0002:000009ec       ??_C@_01FCOA@?5?$AA@       0043d9ec     Disio.obj
 0002:000009f0       ??_C@_02OOND@?4?4?$AA@     0043d9f0     Disio.obj
 0002:000009f4       ??_C@_04OBKB@?$CF02x?$AA@  0043d9f4     Disio.obj
 0002:000009fc       ??_C@_02JBDH@?$DP?$DP?$AA@ 0043d9fc     Disio.obj
 0002:00000a00       ??_C@_05KMNC@?$DL?8?$CFc?8?$AA@ 0043da00     Disio.obj
 0002:00000a08       ??_C@_02IHFD@db?$AA@       0043da08     Disio.obj
 0002:00000a0c       ??_C@_04MOOI@err?3?$AA@    0043da0c     Disio.obj
 0002:00000a14       ??_C@_04HLMP@rep?5?$AA@    0043da14     Disio.obj
 0002:00000a1c       ??_C@_06PBEN@repne?5?$AA@  0043da1c     Disio.obj
 0002:00000a24       ??_C@_05DAFA@lock?5?$AA@   0043da24     Disio.obj
 0002:00000a2c       ??_C@_03KNLJ@gs?3?$AA@     0043da2c     Disio.obj
 0002:00000a30       ??_C@_03PPKP@fs?3?$AA@     0043da30     Disio.obj
 0002:00000a34       ??_C@_03JJE@es?3?$AA@      0043da34     Disio.obj
 0002:00000a38       ??_C@_03FLIC@ds?3?$AA@     0043da38     Disio.obj
 0002:00000a3c       ??_C@_03MEIJ@ss?3?$AA@     0043da3c     Disio.obj
 0002:00000a40       ??_C@_03OFOD@cs?3?$AA@     0043da40     Disio.obj
 0002:00000a44       ??_C@_0O@IJNE@XREFS?5First?3?5?$AA@ 0043da44     Disio.obj
 0002:00000a54       ??_C@_01FAJB@?$DL?$AA@     0043da54     Disio.obj
 0002:00000a58       ??_C@_03IMDO@?$CFs?3?$AA@  0043da58     Disio.obj
 0002:00000a5c       ??_C@_02JDLK@?$CFx?$AA@    0043da5c     Disio.obj
 0002:00000a60       ??_C@_0L@PDOG@?$CF04x?3?$CF04xh?$AA@ 0043da60     Disio.obj
 0002:00000a6c       ??_C@_0M@BGCK@?$CF04x?3?$CF08lxh?$AA@ 0043da6c     Disio.obj
 0002:00000a78       ??_C@_02KMJ@1h?$AA@        0043da78     Disio.obj
 0002:00000a7c       ??_C@_01FBAH@1?$AA@        0043da7c     Disio.obj
 0002:00000a80       ??_C@_03HAKL@?$CFs?9?$AA@  0043da80     Disio.obj
 0002:00000a84       ??_C@_03IPNJ@?$CFs?$CL?$AA@ 0043da84     Disio.obj
 0002:00000a88       ??_C@_04GBNL@?$FN?$FL?$CFs?$AA@ 0043da88     Disio.obj
[...]
FIXUPS: 2f109 67 133 18 21 34 30 a8 e2 142 ba 31 1e 2a 1b 11d 25 122 1e
FIXUPS: 2fa0c 75 32 22 26 170 55 53 ffffef7d 108 10 3e 2c8c 24 f ffffe3c9
FIXUPS: 2fe96 19f 20 57 14 32 64 140 2a 34 35 6b 12 29 43 5a 3d 33 3c 38
FIXUPS: 3056c 1a 18 17 fffff895 ffffff54 fffff248 34 1f90 2f 4d 23 10 70
FIXUPS: 310ed 5a 46 2f c1 24 e5 39 76 4a 3d 76 6c 62 20 77 27 70 46 31
FIXUPS: 317da 44 35 1c 147 8a 535 1c fffffe2d 41 fffffdac ffffff74 d 11
FIXUPS: 31b6c 25 ffffea55 2d 47 4a 9 19 a4 1aa 1d 118 1de 32 97 1f 58 a8
FIXUPS: 30e37 33 43 64 46 41 1c6f 3a 59 15 17 1d 14 13 14 1a 19 fffffd3c
FIXUPS: 32708 13 dd 23f fffffb8d 4a 94 2b fffff903 56 1e 13 22 fffffe07
FIXUPS: 31eb6 28 1f 29 26 17 1bdc 10 70 10 55 fffffdd1 2f fffffeda 2b 29
FIXUPS: 33984 fffffa20 182 35 fffffc6b 2a 44 4b fffffe4d 2a 44 4b fffffc49
FIXUPS: 32de6 11b 21 4b 5d 17 b5 fffffade 1c 3ca4 fffffc9d 35 18 a6 10
FIXUPS: 363ae 37 fffffd8f 1ae fffffd1f 59 fffffead 1d fffffeb2 a a fffffba0
FIXUPS: 359de ffffe9f4 191 19 de0 ffffe940 58 ffffff5d 19 fffffe17 17 24
FIXUPS: 33ae8 18 3334 41 8c 14 26f 19 1c 13 2a 3a 10 13 16 26 1e 41 93
FIXUPS: 373a1 68 82 10 30 10 30 10 fffff74a a7 fffffa75 21 21 24 2a 17f3
FIXUPS: 38047 107 4a 12 5 25e 35 35 1e8 fffff67d 20 20 23 20 20 20 1d 20
FIXUPS: 37dfc 2d fffffd85 5f fffffdc3 82 2a fffffddd ffffffcd fffffe19
FIXUPS: 37668 ffffffa0 17 2a66 238 13 fffff1f7 21 35 35 13a c 10 c 27 6c
FIXUPS: 391a5 98 f6 fffffbd9 e 28 76 6e 7d 41 fffffdca 2b fffffc2b 2bf
FIXUPS: 38df0 2f fffff0ac 23 5 34cd 2a fffffc6e 70 4f 1df fffffabb ffffff0b
FIXUPS: 3ace3 f f 27 fffffc62 2a3 fffff7f5 43 33 24 bd 2d 9b 32 43 c 10
FIXUPS: 3a6de fffff35c 14d eb 1c8 8c 152 fffc7c20 af 108 65 65 65 79 6f
FIXUPS: 231f 20 12 28 1e 96 28 120 2e 15 d 13 2b c d 13 38fff a fffffde5
FIXUPS: 3b457 ffffff09 1b c 10 fffc5d47 d ba 15 29 2ca 35 1a 3a176 b fffc5f50
FIXUPS: 1602 1a 3a086 b fffc5ff2 17 1f 32 1a 17 4b d 224 95 b6 1f 3f 1f
FIXUPS: 1bbb 1f 3f 3fc3 1a 24 3b 10 10 1f 14 1c 1a 13 14 1a 17 2d 1a 1c
FIXUPS: 5db6 10 66 26 14 13 14 19 ffffb173 5 d 37 d 2f 10 472d a 10 74
FIXUPS: 58a7 38 19 1d 1a 1a 1a 1a 37 14 1a 16 14 1a 24 3b 10 10 1f 14 1c
FIXUPS: 5b0e 24 3b 10 10 1f 14 fffff830 19 1a 1a 19 1d 1d 1c 1d 1d 1c 1d
FIXUPS: 553c 1c 1d 1d 14 28 1e 14 24 d 33 25 1a 33 28 17 16 12 48 d fffff907
FIXUPS: 50b3 1a 1a 17 1a 1a 1a 1a 1a 1a 1a 1a 1a 1a 1a 1a 1a 1a 1d 1d 1c
FIXUPS: 52dd 1d 1c 1d 1a 1c 1a 1a 1c 1a fffff70b 1b 1d 36bae b fffc972a
FIXUPS: 4e13 17 1a 17 1a 1a 1a 1a 17 17 17 1a 17 1a 17 17 17 17 1a 1a 1a
FIXUPS: 5017 1a 1a 1a 1a fffff6b3 1d a 13 14 14 17 2b 14 1f 20 1a 1e 19
FIXUPS: 48a2 1d a 5 6c 21 21 21 21 21 21 16 2a 1f 20 25 7 21 fffff85c 1f
FIXUPS: 4362 11 30 1a 18 11 75 1a 40 3a 24 11 24 21 24 1f 24 1f 24 3a 18
FIXUPS: 4676 18 11 18 e 18 1d 24 a fffff7e7 11 21 12 74 22 23 22 22 23
FIXUPS: 407d a 22 22 23 22 1f 20 1f 1f 22 22 39 2b 27 e 2a 14 1d 2b 15
FIXUPS: 431b fffff89c 22 22 23 22 22 a 23 22 22 23 a 28 27 23 a a 10 22
FIXUPS: 3dd4 1d 11 21 1c 1d 11 22 1b 1e 14 11 11 fffff739 280 12 d a a
FIXUPS: 38fc 15 15 d a a a a a a 22 23 22 22 23 22 22 23 22 22 23 22 22
FIXUPS: 3b50 22 22 fffff64a d 33 d 33 10 30 d 2e 5 d 33 d 33 10 30 d 50
FIXUPS: 340c 14 3b 19 19 3b 23 53 45 13 19 17 13 15 fffff870 10 30 d 2e
FIXUPS: 2ede d 33 d 33 10 30 d 2e 5 d 33 d 33 10 30 d 2e 5 d 33 d 33 10
FIXUPS: 319e d 2e fffff900 5 d 33 d 33 10 30 d 2e 5 d 33 d 33 10 30 d 2e
FIXUPS: 2cde d 33 d 33 10 30 d 2e 5 d 33 d fffff900 39 d 33 10 25 5 d 33
FIXUPS: 282b 33 10 30 d 2e 5 d 33 d 33 10 30 d 2e 5 d 33 d 33 10 30 d 38db3
FIXUPS: 3b86a fffcc0d2 3d 60 1d 10 8f 19 5a 52 18 45 7c 40 30 28 59 8d
FIXUPS: 7e02 7d 7b 47 8a ffffa68e 5 d 33 d 33 10 30 4df8 f 50 1c 21 17
FIXUPS: 75e5 18 1c 18 1d 341e6 b fffcbe42 10 30 d 4e e 18 2e 1c 68 1c 11
FIXUPS: 7847 1c 26 47 13 1d 33f54 fffcb9df c 1a 1b 7 36 1f d 25 d 1b 7
FIXUPS: 7371 16 13 13 13 13 13 13 1a 15 1b 7 1a 1b c f 1a 34360 9 b fffcb630
FIXUPS: 6e8c 20 20 2c c 20 2c 2a 1c 20 1d 29 22 1f 1d 29 22 1f 28 22 1f
FIXUPS: 7159 23 f 17 34652 9 b fffcb9eb 1c 15 fffff8e9 8 1d 1c d 18 1a
FIXUPS: 3b7b4 b fffcb402 8 1f 11 2d 1a 46 8 2a 32 18 1b f 10 27 34a71 b
FIXUPS: 6dad 1c f 1d 15 f fffff9fb 1d 1b f d 18 f 1a 34e9b 9 b fffcb1a5
FIXUPS: 6905 24 15 1e 1a 1a 34dd4 b fffcb26e f 8 32 19 37 8 27 1a 34cc5
FIXUPS: 3b79b b fffcad69 16 25 3d 17 18 17 18 20 c 8 2f 17 18 17 18 17
FIXUPS: 66d5 20 8 14 18 1e 1a 34fb3 d c fffcb064 10 4c 13 c fffff9a4 c
FIXUPS: 61dc 18 1d 354d3 9 9 b fffcab61 21 63 c 25 17 8 23 19 3e 14 18
FIXUPS: 63f0 18 21 f 2f 14 18 14 18 17 18 4864 45 7c 1de 51 7d 92 51 7d
FIXUPS: b2b1 51 7d ffffab52 2d 3c d 2e 19 20 46 1e 1f 19 37 13 13 3a d
FIXUPS: 614e 21 15 1d 43d3 25 e 1f 13 3d 23 1a 12 12 1d 28 a 1e 23 10 37
FIXUPS: a764 3a 16 54 52 18 45 7c 115 52 18 45 7c 175 52 fffff4e6 19 17
FIXUPS: a272 21 16 19 17 22 20 16 19 1e 22 20 16 19 15 1f 21 16 19 17 22
FIXUPS: a4b6 16 19 1e 19 20 313fb b fffce53c 1b 20 16 19 23 12 31 2c 1e
FIXUPS: 9fb8 16 18 1c 1e 22 21 15 19 1c 22 21 16 19 1c 22 20 16 19 1c 22
FIXUPS: a20b fffff824 21 19 2d 21 19 38 25 1f 20 19 28 1f 20 19 37 22 19
FIXUPS: 9ca0 1f 21 19 24 1f 21 19 2d 34 24 21 19 34 fffff862 20 12 18 22
FIXUPS: 9758 12 11 22 20 12 d 16 12 1a 320f9 b fffcdf2c 20 2c 20 1f 19
FIXUPS: 991f 1f 21 19 1c 1d 20 19 26 fffff971 21 12 17 1f 21 12 17 1f 21
FIXUPS: 9486 17 22 21 12 16 22 21 12 16 22 20 12 16 22 21 12 11 22 21 12
FIXUPS: 96a9 fffff96f 1b 31 1b 24 32832 c fffcd805 12 21 327db b fffcd84f
FIXUPS: 916e 2c 20 1f 12 17 1f 20 12 23 1f 21 12 e 20 1f 20 12 1b fffff8af
FIXUPS: 8c28 20 2a 49 21 1b 31 1f 16 26 19 27 32af2 c fffcd530 10 2d d
FIXUPS: 8e49 25 27 31 25 27 2c d e 1d 11 27 4d fffff8f5 1b 1c 1b 1c 1b
FIXUPS: 8995 18 1c f 17 9 15 1d 32e6a a c fffcd1b7 10 2d d e 21 27 35 21
FIXUPS: 8b7e 2e b e 22 11 fffff855 17 1c 17 1c 17 1c 14 1c e 15 1d 3331e
FIXUPS: 3b87f fffccd02 10 30 d 49 19 1c 19 18 2e 1c f0 66 26 3e 1c 16 21
FIXUPS: b4e8 10 3a 15 1c d ffffcb1e d e 21 27 35 21 27 35 1f 1c 39 23 1c
FIXUPS: 8297 11 d e 1c 1c 94 1e 1c 27 1c 25 4290 19 31 11 20 2f319 c fffd0d1b
FIXUPS: c7b9 60 1d 10 8f 19 5a 52 18 45 7c 8e 51 7d 92 13 13 ffffe74d 50
FIXUPS: b455 21 17 1f 26 ed4 23 19 f 27 19 e 1e 1d 29 20 29 19 e 19 e 19
FIXUPS: c561 19 c 11 f 1a 2f464 9 9 b fffd0bc0 11 1c 47 1b fffff9f1 27
FIXUPS: c0c1 e 1e 1d 29 20 29 19 e 19 e 19 e 19 c 11 f 1a 2f7a4 9 9 b fffd089b
FIXUPS: c2bb 16 15 f 1c f 19 fffff835 204 1a 1c 18 39 1f c f 1a 2fb57 9
FIXUPS: 3b9b6 b fffd04ff f f 17 2fadf c b fffd0551 f 16 15 f 1c f 19 6d
FIXUPS: c059 19 fffff786 f 21 3015c c b fffcfed1 f 16 15 f 1c f 19 15 f
FIXUPS: b982 15 f 14 32 23 1f f 27 1f e 1e 1d 29 40 1c 884e 1a 27eeb b
FIXUPS: 143fc 3d 60 1d 10 8f 19 45 30 28 59 ffff6f3d 2a 3f d 95 18 93 15
FIXUPS: b778 f 1a 301b3 9 9 a c fffcfe6a 30a3a c c c c c c b fffd7e94 22
FIXUPS: 14141 3b 18 c 18 32 29 12 1b 1b 1b 1d 12 f 17 27fb9 a c fffd808d
FIXUPS: 14346 11 28 fffffa87 f 20 28 20 31 f 18 1e 35 f 11 2a 21 31 f 18
FIXUPS: 1400a 35 f 11 c c c f 1a 28138 9 9 9 9 c fffd7847 11 21 3c c c
FIXUPS: 13aed f 3f e 39 e 13 15 1b 1b 23 1a 48 e 13 15 23 22 57 3c 21 15
FIXUPS: 13dc6 1c c c fffff7cb c c c f 3a 60 1a 5c 31 1a 5b 108 15 c c c
FIXUPS: 138fe 26 c c c f 40 30 21 15 f 1c c c c fffff88f c 40 15 c c c
FIXUPS: 1336f 11 1a 1e c c c f 1d c c c f 21 c c c f 38 15 c c c f a1 fffff788
FIXUPS: 12d5f 12 f 17 293ed a c fffd6c5f 15 23 12 c 18 34 27 12 f 17 292aa
FIXUPS: 3c1ae c fffd6d9f 15 20 12 f 17 291fe b fffd70f4 c fffff7c8 18 1f
FIXUPS: 12af2 1b c 8 13 f 17 295da b fffd6a6e 16 15 c f 25 20 15 8 f c
FIXUPS: 12c7c f 17 294b2 9 9 b fffd6b7b 18 293e2 fffd666f 41 20 50 1f 19
FIXUPS: 12886 11 18 1c 15 15 a f 17 297cf b fffd6867 11 18 37 15 1b c 8
FIXUPS: 12a1d f 17 296d1 b fffd6967 fffff6c9 36 21 2d 15 f 42 1c 43 1c
FIXUPS: 12307 1c 15 f 3a f 20 29c84 9 c c c c d d c c c c c c c fffd5b4b
FIXUPS: 11c42 62 12 13 27 1a 18 5b 21 2d 15 f 42 1c 37 21 2d 15 f 42 1c
FIXUPS: 11f97 1c 54 1c 5c 21 2d 15 f 42 fffff391 6d f 43 39 12 1c f 6c
FIXUPS: 11674 12 21 41 e4 53 54 be 34 28 f a0 2c 18 1c 61 1d 39 23 18 1c
FIXUPS: 11bea 24 ffffefea 2b41c 9 b fffd4c32 273 4e 4f 16b 12 f 2b 12 f
FIXUPS: 111a3 39 12 1c f 5f f 6a 39 12 40 f 6f f 45 39 12 1c fffff352 18
FIXUPS: 1083a f 17 2b794 b fffd48be 1f 1d 18 19 f 1c 40 f 12 15 8 f 32
FIXUPS: 10a2d 20 2b 6c 15 25 25 12 1d 18 54 fffff90d 11 f 1a 2ba7f 9 b
FIXUPS: 1057a 1f 22 8 f 36 19 39 2a 1c 19 f 1c 26 f 23 25 c 18 f 1a 2b816
FIXUPS: 3bfcd 9 b fffffe84 c c c c c c c c c c c c c c c c c c c c c c
FIXUPS: 3bf79 c b fffd43d3 f5 2e 16 12 20 fffffc4d 16 2b f 11 2b f a 37
FIXUPS: 10209 f 15 12 f 15 10 12 15 26 a 1a f 1a 2bb07 9 9 9 9 9 9 9 9
FIXUPS: fdd8 2b f 18 2b f 11 2b f 16 2b f 11 2b f 16 2b f 11 2b f 16 2b
FIXUPS: 10035 11 2b f 16 2b f 11 2b fffff8f4 2b 12 33 25 5c 3e 10 a 22
FIXUPS: fb7b a 15 a 15 a 15 10 10 9 13 2b 12 22 25 5c 5f 10 a 21 17 10
FIXUPS: f71f f 16 2b f 11 2b f 16 2b f 11 2b f 16 2b f 11 2b f 11 22 15
FIXUPS: f959 f 15 12 f 15 10 10 9 fffffa32 10 13 2b c e 2b c e 1f 22 17
FIXUPS: f523 1f 2b c 15 2b c e 2b c 13 2b c e 2b c 13 2b c 11 fffffa8f
FIXUPS: f19b 2b c 18 2b c 15 2b c 16 15 10 12 1d 2cadd 9 9 9 9 9 9 9 b
FIXUPS: f343 1a 15 f 11 1d f 11 2c990 fffd30ff f 17 2cef0 b fffd314f c
FIXUPS: eef3 19 f 17 2ce62 b fffd31ee 1f 14 27 14 2c c 1e 1f c 4a 1f c
FIXUPS: f109 1f c 18 2b fffff9a7 12 1e 1b 17 2d134 a c fffd2f14 f 17 2d0d0
FIXUPS: 3bcdf fffd2f7f f 17 2d070 b fffd2fdf f 17 2d010 b fffd303f f 17
FIXUPS: 3bd34 b fffd309f f 17 2cf50 ffffff36 fffd2b13 18 11 20 18 48 28
FIXUPS: e87a 18 32 22 1a 3e 2b 9 f 18 12 1e 1b 1a 2d296 a c fffd2dad 18
FIXUPS: ea7b 18 32 21 23 fffff926 12 1e 1b 1a 2d7c0 a c fffd2883 18 11
FIXUPS: e536 18 16 2e 28 c 18 32 22 1a 3b 20 9 f 18 12 1e 1b 1a 2d538 a
FIXUPS: e078 c 18 32 22 1a 5e f 18 12 1e 1b 1a 2da40 a c fffd2603 18 11
FIXUPS: e296 18 3c 28 c 18 32 22 1a 3b 20 9 f fffff80d 13 66 18 11 20 18
FIXUPS: dd39 2c 28 c 18 32 22 1a 5e f 18 12 1e 1b 1a 2dd0b a c fffd2343
FIXUPS: df85 11 20 21 4d 2c fffff8c1 c f 17 2e291 9 b fffd1db5 18 11 20
FIXUPS: d9fe 3b 28 c 18 32 21 1a 3b 1c 9 f 18 12 1e 1b 1a 2e016 a c fffd2007
FIXUPS: d597 15 35 f 17 2e52d b fffd1b28 f 17 2e4c7 b fffd1b88 f 17 2e467
FIXUPS: 3bb7f fffd1be8 f 17 2e407 b fffd1c48 f 17 2e3a7 b fffd1c9e 16 19
FIXUPS: d8ba 3d fffff989 1d f f 2a 1c 12 17 21 3e 34 c 14 27 24 12 17 29
FIXUPS: 3bad4 9 9 9 9 9 b fffd19cb 15 2d f 17 2e5d5 b fffd1409 1f 18 1a
FIXUPS: 3ba74 9 b fffd1545 22 f f 1a 2ea6d 9 b fffd15b9 d 59 1c 19 1c 18
FIXUPS: d14a 2e96a b fffd16e9 3d 18 1d f f 30 e738 17 a 15 13 f 45 d 13
FIXUPS: 1ba67 1e c f 1a 20c8a 9 9 b fffdf3d9 47 8a ffff10b6 41 38 d 6f
FIXUPS: cdc3 b1 1d 50 23 15 e7e6 1a 20 12 1a 12 1a 20 a a d a 20 32 3d
FIXUPS: 1b886 11 1b a a d 17 18 c 12 a 15 a 12 a 13 19 fffffab8 16 25 15
FIXUPS: 1b4b3 a 15 13 f 35 27 d 13 a 1d c c f 1a 2112c 9 9 c b fffdeeff
FIXUPS: 1b63b 3d 2b c f f 20 fffffa25 1a 12 1a 20 3e 14 1c 20 20 27 16
FIXUPS: 1b276 21 2b 12 32 49 1b 11 1b a a d 17 18 c 12 a 15 a 12 fffff70f
FIXUPS: 1ab69 14 1b 14 1b 19 33 20 31 1a 21a66 b fffde84b 10 52 f c e 15
FIXUPS: 1afe6 f 3e 2b c c f f 20 12 1a 20 fffff6ac 12 1b 1c 1a 1b 1c 1a
FIXUPS: 1a87b 1c 35 19 d 21 12 d 25 25 32 2e 1c 1b f 4b 12 1b 14 1b 14
FIXUPS: 1aaf8 1a 2a fffff908 17 26 15 17 26 15 31 11 23 f 21 28 35 f f
FIXUPS: 1a607 1a 1b 1c 1a 1b 1c 1a 1b 1c 36 11 d 21 f d fffff925 d 21 24
FIXUPS: 1a15b 13 22 f 21 28 35 f f f 36 13 d 21 f d 36 13 d 21 f d 24 26
FIXUPS: 1a3ea a 15 26 fffff958 14 1b 14 1b b d 4c a 15 1b 14 1b 14 1b b
FIXUPS: 19ef9 22 3c 35 f f f 21 33 a 15 1b 14 1b 14 1b fffff79f 2b 1f 35
FIXUPS: 198f8 32 35 35 35 35 168 12 12 12 12 12 12 12 12 12 f f f 1c 1b
FIXUPS: 19c7b 46 f 46 37 a 15 fffff708 1b 14 1b 14 1b b 76 12 1b 14 1b
FIXUPS: 195de 1b b 61 12 1b 14 1b 14 1b b 46 12 1b 14 1b 14 1b b 3e fffff7ea
FIXUPS: 1900a d 31 3e f 40 f 1d 20 12 4f 17 1b 3e f 1e 17 12 28 10 d 50
FIXUPS: 192f5 1b 3e f 1e 18 13 2c 90 fffff8b7 29 17 1d f d 15 1b 14 1b
FIXUPS: 18e05 1b b d 24 3b a 15 1b 14 1b 14 1b b d 20 a 15 1b 14 1b 14
FIXUPS: 18973 2d e d 17 3b 32 2d e d 17 3b 45 d 26 e d 17 3b 23 41 17 1e
FIXUPS: 18c66 d 15 1b 14 1b 14 1b b fffff8e7 15 12 3e f 1d a 15 1b 14 1b
FIXUPS: 18701 1b b 1e c 1e 10 10 18 48 1b d 23 32 2e d 2d e d 17 3b fffff8f1
FIXUPS: 18244 3e f 1d a 15 1b 14 1b 14 1b d 1e c 1e 10 10 43 18 1b 3e f
FIXUPS: 1849c 18 13 37 c 36 c 36 c fffff9dd 12 12 12 12 12 12 12 12 12
FIXUPS: 1801f 12 12 12 12 12 12 12 12 12 26 10 d 12 12 26 10 d 12 12 12
FIXUPS: 1821d fffffa3f 33 84 f 1e f 1e f 1e f 12 1e f 1e f 1e f 1e f 12
FIXUPS: 17e93 12 12 12 12 12 12 12 12 12 12 12 fffff891 2a 19 1b 21 1b
FIXUPS: 17899 21 52 1b a 15 43 16 14 26 80 19 f 3a 4d 13 e 4c 14 47 17
FIXUPS: 17bf6 1a 24ab4 9 b fffdae27 19 11 19 a a d 17 16 c 12 a 13 a 10
FIXUPS: 175ef 12 20 28 19 c f 1a 24ffd 9 9 9 b fffdb022 80 f 70 24e6f fffdab34
FIXUPS: 1718b 56 18 26 c f 17 25403 9 b fffdac40 26 f 17 25380 b fffdacbd
FIXUPS: 1734b 29 13 3b 15 1d f c 37 15 21 16 32 25130 9 9 9 b fffda8c2
FIXUPS: 16eeb 29 13 29 15 1d f c 2b 13 15 21 4e 1b a f c 12 20 4c f 1a
FIXUPS: 3c624 9 9 9 fffda470 10 8 f 1a 25ae4 b fffda64d f 29 13 29 15 1d
FIXUPS: 16ce1 c 2b 15 21 44 1b a f c 12 20 26 1c f 17 f 1d fffff7c2 29
FIXUPS: 166a6 24 1b 12 19 10 8 85 12 19 10 8 51 12 19 10 8 43 23 12 19
FIXUPS: 16925 8 8e 3e 29 24 23 1b 12 fffff737 49 12 19 10 8 46 23 12 19
FIXUPS: 162fd 8 55 12 19 10 8 59 2c 12 19 10 8 69 1d 39 22 12 19 10 8 91
FIXUPS: 15ca0 15 10 141 12 f f f f f f f f 10 136 16 19 1d 8 f 17 26564
FIXUPS: 3c5bf fffd9ad7 f f 1e 94 24 12 19 10 fffff804 e d 16 c 20 1b 16
FIXUPS: 15a70 16 19 18 16 19 16 19 d 3d 14 20 24 11 2e 16 c d 16 c 13 18
FIXUPS: 15c82 10 fffff972 4e 16 c f 1a 26ec7 9 9 9 b fffd917b d 72 f a
FIXUPS: 157c6 f a 12 17 26d8c b fffd92b0 14 57 27 27 37 1d c 2c 26b70 b
FIXUPS: 152f6 13 c 25 f 17 271c4 b fffd8e95 f 22 f 17 27129 b fffd8f24
FIXUPS: 15489 15 f 36 a 2f 29 15 1d f c 2b 1c 19 26e92 b fffd8ba7 13 c
FIXUPS: 1507a f 17 27404 b fffd8c37 13 c 25 f 17 27374 b fffd8cc7 13 c
FIXUPS: 151da f 17 272e4 b fffd8d57 13 c 25 f 17 27154 b fffd8967 13 c
FIXUPS: 14dba f 17 27644 b fffd89f7 13 c 25 f 17 275b4 b fffd8a87 13 c
FIXUPS: 14f1a f 17 27524 b fffd8b17 13 c 25 f 17 fffffaa1 278f3 b fffd8747
FIXUPS: 14ae9 12 f 17 27883 b fffd87b7 13 c 25 f 17 277f4 b fffd8847 13
FIXUPS: 14c35 25 f 17 27764 b fffd88d7 13 c 25 f 17 fffffad6 13 12 f 17
FIXUPS: 3c304 b fffd8587 13 12 f 17 27a43 b fffd85f7 13 12 f 17 279d3 b
FIXUPS: 149b6 13 12 f 17 27963 b fffd86d7 13 12 f 81c5 29 13 c 16 26 17
FIXUPS: 1cd01 4d 1c 1a 12 12 1e 28 a 24 f ffff78cb 12 f 2b 27b82 c b fffd84b5
FIXUPS: 1479f f 17 27b1f c b fffe0469 13 5f 1d 19 27 29 30 3d 16 38 59
FIXUPS: 1c991 22 22 7a 1c 18 1f 1c 18 20 13 2a 27 25 37 a 34 13 13 f fffff4e1
FIXUPS: 1c123 10 e 20 21 24 3b 13 44 13 2c 2a 39 39 39 36 33 33 13 17c
FIXUPS: 1c5a1 2d 2d 2a 2d 2a 30 25 25 24 25 470f 1bb16 b fffdf2f0 5f 17
FIXUPS: 1bd05 17 3a 17 3a 17 30 17 30 17 30 17 2d 17 44 21 21 1d 1e 1e
FIXUPS: 1bff1 37 35 21 1d 20 4800 1c079 9 9 b fffe403d 17 18 1d 20 1e d
FIXUPS: 20b44 21 10 11 13 3b d 11 13 3c 2b 2d 85 21 47 25 33 2e 1c f 1bac6
FIXUPS: 3c906 9 9 b fffe3769 f c 22 3c 16 1f c f 21 e6 3e 12 1e 2df 13
FIXUPS: 205d5 1f3 28 17 1e 20 1d 15 f c f 1c026 c b fffe2f4e f c a9 3a
FIXUPS: 1fa0d d5 52 6f 12 131 21 c 6a 5f 116 21 c 17 20 18 1b 1e 1c f c
FIXUPS: 1ffed 1a 1c8ed fffe2d8e 18 1b 1d f f c c c f 1a 1d097 9 9 9 c c
FIXUPS: 3c813 c c c c c c c c c c c c c c fffe25a8 19 19 19 19 19 19 19
FIXUPS: 1ef2b 19 19 19 19 16 16 3b 13 4c 32 e6 1a d3 d0 88 ad 78 8d 8c
FIXUPS: 1f608 34 12 22 fffff20d 22 1e 16 31 f 1a 1e 1a 1e 4b 1e 1a 1e 41
FIXUPS: 1ea83 16 31 f 16 31 f 16 31 f 16 31 f 1a1 9c 19 19 fffff2bd 63
FIXUPS: 1e180 16 38 23 1e 1a f5 1e 16 31 f 16 31 f 16 31 f 16 31 f fc 1e
FIXUPS: 1e737 10 5d 16 16 1d 23 1c fffff162 f 16 31 f 16 31 f 16 31 f 16
FIXUPS: 1dae6 f e4 15 293 1f 20 22 18 18 37 4a 1f 1e 28 1e 25 a a 9c fffff415
FIXUPS: 1d55b 1e 1b 1d 74 1a 1f155 9 9 9 9 9 b fffe0ec0 f c c f f 156 1e
FIXUPS: 1d85b 31 f 16 31 f 16 31 f 16 fffff78b d 61 17 25 1e 20 1d d 52
FIXUPS: 1d290 17 25 34 18 10 25 c 10 25 c 10 25 c 10 25 c 10 25 c 6a 1e
FIXUPS: 215e1 8 19 17 14 3f 3d 60 1d 10 8f 19 45 30 28 59 ffffb5f0 19 d
FIXUPS: 1cf47 1f 11 20 1a 1f7c3 b fffe0885 20 24 d 4f 20 1f8d6 fffe49e3
FIXUPS: 21399 15 19 f 15 f 1a 1b590 9 b fffe4aa5 1c 1a f f 17 1b4fc 9 b
FIXUPS: 2151d 1c 15 15 14 c f 17 1b43b 9 b fffe461f 3a d 5f 18 17 18 c
FIXUPS: 21128 25 c 1f f 1d 19 1f 2b 20 c 22 e f 11 19 1f 1b e 1b f 1a 1b65c
FIXUPS: 3c98e fffe5ced 18 17 14 10 fffff263 f 18 10 13 8e 25 19 f 1b 10
FIXUPS: 21a94 5d f 16 fffff36b 19 40 d 2e 19 20 3d 1f 19 2e 13 11f9 1c
FIXUPS: 2222c 14 13 14 13 14 17 65 1e 23 27 20 51 1b 1c f 21 58 5a 1c 13
FIXUPS: 22584 1c 14 10 4a d 1a 1a 17 fffff6e2 37 3a d 32 29 47 d 36 1f
FIXUPS: 21ee1 10 35 1f 11 10 32 30 23 1b 22 d 62 22 20 f 47 25 1c d 1a
FIXUPS: 221e9 1a83b b fffe5de7 2a 14 2b 13 2a 13 32 2a d 2f 22 d 34 22
FIXUPS: 229f9 fffff14f 34 1a d 35 1c 1a d 3d 4f d 34 1b d ddd 2c 33 2d
FIXUPS: 22ba6 2c 13 10 56 22 37 35 21 2c 2b 2b 30 31 31 1f 1c 19 5 10 fffff89f
FIXUPS: 22728 4a 1a292 b fffe5db1 f 17 b7b 11 1c 47 1b 31 19 19 19652 c
FIXUPS: 2348c 3d 60 1d 10 8f 19 5a 52 18 45 7c 8e 51 7d 92 13 13 fffff0c4
FIXUPS: 22a96 1b c 50c 19a7b a c fffe65a7 10 4c 1c 15 19 f 15 f 1a 19970
FIXUPS: 3ca6d b fffe66a9 d 37 19 20 33 8 21 76 17 5e 1b 33 19752 c fffe7482
FIXUPS: 23f6b 17 b3 22 22 6e 27 28 3c 22 1f 21 27 1c 2a 15 d 55 2d 3e 56
FIXUPS: 2439c 1e ffffeae7 23 36 d 45 18 3f f 2347 1d 10 8f 19 5a 52 18
FIXUPS: 254d7 7c 18e 51 7d ffffe292 d 52 2e 19 25 8 13 4f d c9 32 11 8d
FIXUPS: 23d52 49 46 ee 33 e61 1a 1a 1a 1a 21 1a 21 1a 1a 21 21 21 21 1a
FIXUPS: 24f15 23 1a 20 21 c c c 28 1f 43 140 d 4f f 70 3d fffff84b 16 16
FIXUPS: 24b21 14 12 f f f f f f f f f f f f f f f f 21 21 1a 1a 1a 1a 1a
FIXUPS: 24d15 1a 1a fffff9ff 1839c a c fffe7c8a 10 c0 1f 19 50 8 2f 2d
FIXUPS: 24948 2f 19 1d 8 17 17 6 41 1a f f f f f 11 11 f 15 183b 16844
FIXUPS: 3cb5f fffe97ef 16 ffffe08d 27 4e 24 1f 1d 17 185e7 b fffe7a42 13
FIXUPS: 24537 3d d 5e 8 2e 15 c 18 4b c 1f 23 27 14 f 17ed d f 17 16be3
FIXUPS: 3cb3f fffe9452 64 2e 2e 35 29 12 9 25 19 21 13 1d 13 16 3b 29 29
FIXUPS: 26232 2d 23 21 18 10 13 18 fffff8c7 19 27 f 20 a 17 4b 38 21 25
FIXUPS: 25d2b f 1c 69 25 2d 13 f 1a 16cb7 c c b fffe937a 11 c f c e 12
FIXUPS: 25f02 2822 1e 20 14472 b fffebbaf d 7f 47 8a ffffdab5 1d 3e d ad
FIXUPS: 264c2 fffff31c 25 a d 37 c 10 39 92 2e 92 25 c3 69 42 19 2789 23
FIXUPS: 28363 1f a 19 17 16 6c 28 a d 69 a b 6a 23 1e c 29 16 20 16 19
FIXUPS: 28652 26 a 16 35 c 25 10 fffff88a 15 d 9 19 1c 10 1f 3b 29 22 28
FIXUPS: 280f8 a a 2b 38 25 38 17 14 14 14 14 14 14 24 21 21 21 26 15 fffff869
FIXUPS: 27b9b 10 13 30 d 33 28 a d 7b 23 15 45 d a 15 36 38 25 38 17 14
FIXUPS: 27e9b 14 14 14 14 24 21 21 21 fffff825 17 153e6 b fffeac61 f 17
FIXUPS: 3cbb4 b fffeacac a 59 25 15 24 1d 26 15 42 15 10 31 12 27 a 36
FIXUPS: 27ad1 26 f 12 31 a fffff895 1b 10 13 28 28 a d 67 15 30 2c 21 21
FIXUPS: 275b6 18 14 18 14 18 14 24 13 40 11 e 20 2b e 2a 2b a fffff7b4
FIXUPS: 26f51 34 2a 1e 15 45 10 10 3e 26 21 21 15 d 1c f 2b 20 a a 33 26
FIXUPS: 27213 21 15 10 13 112 7 31 19 fffff7bd 2a 20 a a 33 26 21 21 15
FIXUPS: 26caa 13 44 11 2f 17 1c a f 17 15dd0 b fffea24f a 25 2b a d 89
FIXUPS: 26eeb 15 1e fffff8a8 d 1c f 2b 20 a a 33 26 21 21 15 10 13 2e a
FIXUPS: 2698d 2b a d 69 43 10 10 3d 25 21 21 15 d 1c 2494 26 23 23 23 21
FIXUPS: 290e2 21 21 18 10 13 18 1a 13a63 b fffe998f a 25 2b a d 6f 23 15
FIXUPS: 266eb 10 10 3e 26 21 21 2358 34 34 31 2e 3b 34 31 31 3b 21 21 18
FIXUPS: 28d5d 16 16 43 45 11 19 15 13 1d 13 16 4a 26 26 26 23 20 23 13ca9
FIXUPS: 3cc7d b fffecbd5 12 18 c f 17 133db 9 b fffecc54 3d 60 1d 10 8f
FIXUPS: 29a6e 45 30 28 59 ffffee2d 1c 31 a 33 a d 3f 64 ab0 19 1c 19 1d
FIXUPS: 29605 1b c c f 16 c c f 17 135a9 9 9 b fffeca93 2d 8 15 f 2c 20
FIXUPS: 297ae 11 20 f f 17 fffff9dd 19 40 d 50 15 f c 18 45 24 20 18 f
FIXUPS: 293ad 18 c f 17 1381d 9 a c fffec7fe 13 13 3e 1a 22 20 1f 4d
